PHP Warning:  "resource" is not a supported builtin type and will be interpreted as a class name. Write "\Safe\resource" or import the class with "use" to suppress this warning in C:\xampp\htdocs\antigaspi2\backend\vendor\thecodingmachine\safe\generated\sockets.php on line 797

Warning: "resource" is not a supported builtin type and will be interpreted as a class name. Write "\Safe\resource" or import the class with "use" to suppress this warning in C:\xampp\htdocs\antigaspi2\backend\vendor\thecodingmachine\safe\generated\sockets.php on line 797
PHP Warning:  "integer" will be interpreted as a class name. Did you mean "int"? Write "\Safe\integer" or import the class with "use" to suppress this warning in C:\xampp\htdocs\antigaspi2\backend\vendor\thecodingmachine\safe\generated\swoole.php on line 17

Warning: "integer" will be interpreted as a class name. Did you mean "int"? Write "\Safe\integer" or import the class with "use" to suppress this warning in C:\xampp\htdocs\antigaspi2\backend\vendor\thecodingmachine\safe\generated\swoole.php on line 17

Warning: "resource" is not a supported builtin type and will be interpreted as a class name. Write "\Safe\resource" or import the class with "use" to suppress this warning in C:\xampp\htdocs\antigaspi2\backend\vendor\thecodingmachine\safe\generated\sockets.php on line 797

Warning: "integer" will be interpreted as a class name. Did you mean "int"? Write "\Safe\integer" or import the class with "use" to suppress this warning in C:\xampp\htdocs\antigaspi2\backend\vendor\thecodingmachine\safe\generated\swoole.php on line 17
PHP Warning:  "resource" is not a supported builtin type and will be interpreted as a class name. Write "\Safe\resource" or import the class with "use" to suppress this warning in C:\xampp\htdocs\antigaspi2\backend\vendor\thecodingmachine\safe\generated\sockets.php on line 797
PHP Warning:  "integer" will be interpreted as a class name. Did you mean "int"? Write "\Safe\integer" or import the class with "use" to suppress this warning in C:\xampp\htdocs\antigaspi2\backend\vendor\thecodingmachine\safe\generated\swoole.php on line 17

  [30;42;1m PASS [39;49;22m[39m Tests\Unit\ExampleTest[39m
  [32;1m✓[39;22m[90m [39m[90mthat true is true[39m[90m                                                                                           [39m [90m0.01s[39m  

  [39;41;1m FAIL [39;49;22m[39m Tests\Unit\PaymentServiceWalletTest[39m
  [31;1m⨯[39;22m[90m [39m[90minitialize wallet payment debits balance and confirms reservation[39m[90m                                           [39m [90m1.03s[39m  
  [31;1m⨯[39;22m[90m [39m[90mrefresh wallet payment returns current status[39m[90m                                                               [39m [90m0.04s[39m  
  [31;1m⨯[39;22m[90m [39m[90mcancelling wallet payment refunds balance and cancels reservation[39m[90m                                           [39m [90m0.04s[39m  

  [30;42;1m PASS [39;49;22m[39m Tests\Unit\ReservationResourceTest[39m
  [32;1m✓[39;22m[90m [39m[90mproduct category is included when present[39m[90m                                                                   [39m [90m0.06s[39m  
  [32;1m✓[39;22m[90m [39m[90mproduct category is null when not associated[39m[90m                                                                [39m [90m0.04s[39m  

  [30;42;1m PASS [39;49;22m[39m Tests\Feature\AdminAuthorizationTest[39m
  [32;1m✓[39;22m[90m [39m[90madmin routes require authentication[39m[90m                                                                         [39m [90m0.07s[39m  

  [39;41;1m FAIL [39;49;22m[39m Tests\Feature\AdminControllerTest[39m
  [32;1m✓[39;22m[90m [39m[90mdashboard returns expected structure[39m[90m                                                                        [39m [90m0.05s[39m  
  [32;1m✓[39;22m[90m [39m[90mdashboard uses sql aggregation not memory[39m[90m                                                                   [39m [90m0.06s[39m  
  [32;1m✓[39;22m[90m [39m[90mdashboard handles empty data gracefully[39m[90m                                                                     [39m [90m0.04s[39m  
  [31;1m⨯[39;22m[90m [39m[90mdashboard requires admin role[39m[90m                                                                               [39m [90m0.15s[39m  
  [32;1m✓[39;22m[90m [39m[90msystem health returns status[39m[90m                                                                                [39m [90m0.04s[39m  

  [39;41;1m FAIL [39;49;22m[39m Tests\Feature\AdminMerchantControllerTest[39m
  [31;1m⨯[39;22m[90m [39m[90mmoderation returns expected payload[39m[90m                                                                         [39m [90m0.05s[39m  
  [32;1m✓[39;22m[90m [39m[90mreject product sets quantity available to zero[39m[90m                                                              [39m [90m0.04s[39m  

  [39;41;1m FAIL [39;49;22m[39m Tests\Feature\AnalyticsControllerTest[39m
  [31;1m⨯[39;22m[90m [39m[90mauthenticated user can store events and aggregate stats[39m[90m                                                     [39m [90m0.06s[39m  
  [32;1m✓[39;22m[90m [39m[90mguest cannot store events[39m[90m                                                                                   [39m [90m0.03s[39m  

  [30;42;1m PASS [39;49;22m[39m Tests\Feature\ExampleTest[39m
  [32;1m✓[39;22m[90m [39m[90mthe application returns a successful response[39m[90m                                                               [39m [90m0.06s[39m  

  [30;42;1m PASS [39;49;22m[39m Tests\Feature\MerchantControllerTest[39m
  [32;1m✓[39;22m[90m [39m[90mvalid jpeg merchant photo succeeds[39m[90m                                                                          [39m [90m0.08s[39m  
  [32;1m✓[39;22m[90m [39m[90mvalid png merchant photo succeeds[39m[90m                                                                           [39m [90m0.05s[39m  
  [32;1m✓[39;22m[90m [39m[90minvalid mime merchant photo rejected[39m[90m                                                                        [39m [90m0.05s[39m  
  [32;1m✓[39;22m[90m [39m[90moversized dimensions merchant photo rejected[39m[90m                                                                [39m [90m0.06s[39m  
  [32;1m✓[39;22m[90m [39m[90moversized file merchant photo rejected[39m[90m                                                                      [39m [90m0.04s[39m  
  [32;1m✓[39;22m[90m [39m[90mold photo deleted on new upload[39m[90m                                                                             [39m [90m0.05s[39m  
  [32;1m✓[39;22m[90m [39m[90mvalid opening hours accepted[39m[90m                                                                                [39m [90m0.05s[39m  
  [32;1m✓[39;22m[90m [39m[90mopening hours duplicate days rejected[39m[90m                                                                       [39m [90m0.04s[39m  
  [32;1m✓[39;22m[90m [39m[90mopening hours continuous allowed[39m[90m                                                                            [39m [90m0.04s[39m  
  [32;1m✓[39;22m[90m [39m[90mopening hours invalid format rejected[39m[90m                                                                       [39m [90m0.04s[39m  
  [32;1m✓[39;22m[90m [39m[90mopening hours empty array rejected[39m[90m                                                                          [39m [90m0.04s[39m  

  [39;41;1m FAIL [39;49;22m[39m Tests\Feature\NotificationControllerTest[39m
  [32;1m✓[39;22m[90m [39m[90muser can list their notifications[39m[90m                                                                           [39m [90m0.06s[39m  
  [32;1m✓[39;22m[90m [39m[90muser can mark notification as read[39m[90m                                                                          [39m [90m0.03s[39m  
  [31;1m⨯[39;22m[90m [39m[90muser can manage push subscriptions[39m[90m                                                                          [39m [90m0.04s[39m  
  [32;1m✓[39;22m[90m [39m[90muser can update notification preferences[39m[90m                                                                    [39m [90m0.03s[39m  

  [39;41;1m FAIL [39;49;22m[39m Tests\Feature\NotificationDispatchTest[39m
  [32;1m✓[39;22m[90m [39m[90mconfirming reservation creates notification record[39m[90m                                                          [39m [90m0.19s[39m  
  [31;1m⨯[39;22m[90m [39m[90mcreating surprise basket notifies opted in consumers[39m[90m                                                        [39m [90m0.04s[39m  

  [39;41;1m FAIL [39;49;22m[39m Tests\Feature\PaymentFlowTest[39m
  [31;1m⨯[39;22m[90m [39m[90muser can initiate flooz payment during reservation creation[39m[90m                                                 [39m [90m0.05s[39m  
  [31;1m⨯[39;22m[90m [39m[90muser can initiate paystack payment via payment controller[39m[90m                                                   [39m [90m0.04s[39m  
  [31;1m⨯[39;22m[90m [39m[90mpaygate callback updates reservation status[39m[90m                                                                 [39m [90m0.04s[39m  
  [31;1m⨯[39;22m[90m [39m[90mwallet reservation requires pin[39m[90m                                                                             [39m [90m0.04s[39m  
  [31;1m⨯[39;22m[90m [39m[90mwallet reservation succeeds with valid pin[39m[90m                                                                  [39m [90m0.03s[39m  

  [30;42;1m PASS [39;49;22m[39m Tests\Feature\ProductControllerTest[39m
  [32;1m✓[39;22m[90m [39m[90mvalid jpeg upload succeeds[39m[90m                                                                                  [39m [90m0.04s[39m  
  [32;1m✓[39;22m[90m [39m[90mvalid png upload succeeds[39m[90m                                                                                   [39m [90m0.05s[39m  
  [32;1m✓[39;22m[90m [39m[90minvalid mime type is rejected[39m[90m                                                                               [39m [90m0.04s[39m  
  [32;1m✓[39;22m[90m [39m[90moversized dimensions are rejected[39m[90m                                                                           [39m [90m0.08s[39m  
  [32;1m✓[39;22m[90m [39m[90moversized file is rejected[39m[90m                                                                                  [39m [90m0.04s[39m  
  [31m────────────────────────────────────────────────────────────────────────────────────────────────────────────────────[39m  
  [41;1m FAILED [49;22m [1mTests\Unit\PaymentServiceWalletTest[22m [90m>[39m initialize wallet payment debits balance and confir… [41;1m QueryException [49;22m  
[39;1m  SQLSTATE[HY000]: General error: 1 no such table: wallets (Connection: sqlite, SQL: select * from "wallets" where "wallets"."user_id" = 1 and "wallets"."user_id" is not null limit 1)[39;22m

  at [32mvendor\laravel\framework\src\Illuminate\Database\Connection.php[39m:[32m824[39m
    820▕                     $this->getName(), $query, $this->prepareBindings($bindings), $e
    821▕                 );
    822▕             }
    823▕ 
  ➜ 824▕             throw new QueryException(
    825▕                 $this->getName(), $query, $this->prepareBindings($bindings), $e
    826▕             );
    827▕         }
    828▕     }

  [33m1   [39m[39;1mvendor\laravel\framework\src\Illuminate\Database\Connection.php[39;22m:[39;1m824[39;22m

  [33m2   [39m[39;1mvendor\laravel\framework\src\Illuminate\Database\Connection.php[39;22m:[39;1m406[39;22m
  [90m    NunoMaduro\Collision\Exceptions\TestException::("SQLSTATE[HY000]: General error: 1 no such table: wallets")[39m

  [31m────────────────────────────────────────────────────────────────────────────────────────────────────────────────────[39m  
  [41;1m FAILED [49;22m [1mTests\Unit\PaymentServiceWalletTest[22m [90m>[39m refresh wallet payment returns current status        [41;1m QueryException [49;22m  
[39;1m  SQLSTATE[HY000]: General error: 1 no such table: wallets (Connection: sqlite, SQL: select * from "wallets" where "wallets"."user_id" = 1 and "wallets"."user_id" is not null limit 1)[39;22m

  at [32mvendor\laravel\framework\src\Illuminate\Database\Connection.php[39m:[32m824[39m
    820▕                     $this->getName(), $query, $this->prepareBindings($bindings), $e
    821▕                 );
    822▕             }
    823▕ 
  ➜ 824▕             throw new QueryException(
    825▕                 $this->getName(), $query, $this->prepareBindings($bindings), $e
    826▕             );
    827▕         }
    828▕     }

  [33m1   [39m[39;1mvendor\laravel\framework\src\Illuminate\Database\Connection.php[39;22m:[39;1m824[39;22m

  [33m2   [39m[39;1mvendor\laravel\framework\src\Illuminate\Database\Connection.php[39;22m:[39;1m406[39;22m
  [90m    NunoMaduro\Collision\Exceptions\TestException::("SQLSTATE[HY000]: General error: 1 no such table: wallets")[39m

  [31m────────────────────────────────────────────────────────────────────────────────────────────────────────────────────[39m  
  [41;1m FAILED [49;22m [1mTests\Unit\PaymentServiceWalletTest[22m [90m>[39m cancelling wallet payment refunds balance and cance… [41;1m QueryException [49;22m  
[39;1m  SQLSTATE[HY000]: General error: 1 no such table: wallets (Connection: sqlite, SQL: select * from "wallets" where "wallets"."user_id" = 1 and "wallets"."user_id" is not null limit 1)[39;22m

  at [32mvendor\laravel\framework\src\Illuminate\Database\Connection.php[39m:[32m824[39m
    820▕                     $this->getName(), $query, $this->prepareBindings($bindings), $e
    821▕                 );
    822▕             }
    823▕ 
  ➜ 824▕             throw new QueryException(
    825▕                 $this->getName(), $query, $this->prepareBindings($bindings), $e
    826▕             );
    827▕         }
    828▕     }

  [33m1   [39m[39;1mvendor\laravel\framework\src\Illuminate\Database\Connection.php[39;22m:[39;1m824[39;22m

  [33m2   [39m[39;1mvendor\laravel\framework\src\Illuminate\Database\Connection.php[39;22m:[39;1m406[39;22m
  [90m    NunoMaduro\Collision\Exceptions\TestException::("SQLSTATE[HY000]: General error: 1 no such table: wallets")[39m

  [31m────────────────────────────────────────────────────────────────────────────────────────────────────────────────────[39m  
  [41;1m FAILED [49;22m [1mTests\Feature\AdminControllerTest[22m [90m>[39m dashboard requires admin role                                            
[39;1m  Unable to find JSON: 

[{
    "success": false,
    "message": "Accès réservé aux administrateurs"
}]

within response JSON:

[{
    "message": "This action is unauthorized.",
    "exception": "Symfony\\Component\\HttpKernel\\Exception\\AccessDeniedHttpException",
    "file": "C:\\xampp\\htdocs\\antigaspi2\\backend\\vendor\\laravel\\framework\\src\\Illuminate\\Foundation\\Exceptions\\Handler.php",
    "line": 673,
    "trace": [
        {
            "file": "C:\\xampp\\htdocs\\antigaspi2\\backend\\vendor\\laravel\\framework\\src\\Illuminate\\Foundation\\Exceptions\\Handler.php",
            "line": 617,
            "function": "prepareException",
            "class": "Illuminate\\Foundation\\Exceptions\\Handler",
            "type": "->"
        },
        {
            "file": "C:\\xampp\\htdocs\\antigaspi2\\backend\\vendor\\laravel\\framework\\src\\Illuminate\\Routing\\Pipeline.php",
            "line": 51,
            "function": "render",
            "class": "Illuminate\\Foundation\\Exceptions\\Handler",
            "type": "->"
        },
        {
            "file": "C:\\xampp\\htdocs\\antigaspi2\\backend\\vendor\\laravel\\framework\\src\\Illuminate\\Pipeline\\Pipeline.php",
            "line": 224,
            "function": "handleException",
            "class": "Illuminate\\Routing\\Pipeline",
            "type": "->"
        },
        {
            "file": "C:\\xampp\\htdocs\\antigaspi2\\backend\\vendor\\tymon\\jwt-auth\\src\\Http\\Middleware\\Authenticate.php",
            "line": 32,
            "function": "Illuminate\\Pipeline\\{closure}",
            "class": "Illuminate\\Pipeline\\Pipeline",
            "type": "->"
        },
        {
            "file": "C:\\xampp\\htdocs\\antigaspi2\\backend\\vendor\\laravel\\framework\\src\\Illuminate\\Pipeline\\Pipeline.php",
            "line": 219,
            "function": "handle",
            "class": "Tymon\\JWTAuth\\Http\\Middleware\\Authenticate",
            "type": "->"
        },
        {
            "file": "C:\\xampp\\htdocs\\antigaspi2\\backend\\vendor\\laravel\\framework\\src\\Illuminate\\Routing\\Middleware\\SubstituteBindings.php",
            "line": 50,
            "function": "Illuminate\\Pipeline\\{closure}",
            "class": "Illuminate\\Pipeline\\Pipeline",
            "type": "->"
        },
        {
            "file": "C:\\xampp\\htdocs\\antigaspi2\\backend\\vendor\\laravel\\framework\\src\\Illuminate\\Pipeline\\Pipeline.php",
            "line": 219,
            "function": "handle",
            "class": "Illuminate\\Routing\\Middleware\\SubstituteBindings",
            "type": "->"
        },
        {
            "file": "C:\\xampp\\htdocs\\antigaspi2\\backend\\vendor\\laravel\\framework\\src\\Illuminate\\Routing\\Middleware\\ThrottleRequests.php",
            "line": 160,
            "function": "Illuminate\\Pipeline\\{closure}",
            "class": "Illuminate\\Pipeline\\Pipeline",
            "type": "->"
        },
        {
            "file": "C:\\xampp\\htdocs\\antigaspi2\\backend\\vendor\\laravel\\framework\\src\\Illuminate\\Routing\\Middleware\\ThrottleRequests.php",
            "line": 126,
            "function": "handleRequest",
            "class": "Illuminate\\Routing\\Middleware\\ThrottleRequests",
            "type": "->"
        },
        {
            "file": "C:\\xampp\\htdocs\\antigaspi2\\backend\\vendor\\laravel\\framework\\src\\Illuminate\\Routing\\Middleware\\ThrottleRequests.php",
            "line": 88,
            "function": "handleRequestUsingNamedLimiter",
            "class": "Illuminate\\Routing\\Middleware\\ThrottleRequests",
            "type": "->"
        },
        {
            "file": "C:\\xampp\\htdocs\\antigaspi2\\backend\\vendor\\laravel\\framework\\src\\Illuminate\\Pipeline\\Pipeline.php",
            "line": 219,
            "function": "handle",
            "class": "Illuminate\\Routing\\Middleware\\ThrottleRequests",
            "type": "->"
        },
        {
            "file": "C:\\xampp\\htdocs\\antigaspi2\\backend\\vendor\\laravel\\framework\\src\\Illuminate\\Routing\\Middleware\\ThrottleRequests.php",
            "line": 160,
            "function": "Illuminate\\Pipeline\\{closure}",
            "class": "Illuminate\\Pipeline\\Pipeline",
            "type": "->"
        },
        {
            "file": "C:\\xampp\\htdocs\\antigaspi2\\backend\\vendor\\laravel\\framework\\src\\Illuminate\\Routing\\Middleware\\ThrottleRequests.php",
            "line": 126,
            "function": "handleRequest",
            "class": "Illuminate\\Routing\\Middleware\\ThrottleRequests",
            "type": "->"
        },
        {
            "file": "C:\\xampp\\htdocs\\antigaspi2\\backend\\vendor\\laravel\\framework\\src\\Illuminate\\Routing\\Middleware\\ThrottleRequests.php",
            "line": 88,
            "function": "handleRequestUsingNamedLimiter",
            "class": "Illuminate\\Routing\\Middleware\\ThrottleRequests",
            "type": "->"
        },
        {
            "file": "C:\\xampp\\htdocs\\antigaspi2\\backend\\vendor\\laravel\\framework\\src\\Illuminate\\Pipeline\\Pipeline.php",
            "line": 219,
            "function": "handle",
            "class": "Illuminate\\Routing\\Middleware\\ThrottleRequests",
            "type": "->"
        },
        {
            "file": "C:\\xampp\\htdocs\\antigaspi2\\backend\\vendor\\laravel\\framework\\src\\Illuminate\\Http\\Middleware\\HandleCors.php",
            "line": 61,
            "function": "Illuminate\\Pipeline\\{closure}",
            "class": "Illuminate\\Pipeline\\Pipeline",
            "type": "->"
        },
        {
            "file": "C:\\xampp\\htdocs\\antigaspi2\\backend\\vendor\\laravel\\framework\\src\\Illuminate\\Pipeline\\Pipeline.php",
            "line": 219,
            "function": "handle",
            "class": "Illuminate\\Http\\Middleware\\HandleCors",
            "type": "->"
        },
        {
            "file": "C:\\xampp\\htdocs\\antigaspi2\\backend\\vendor\\laravel\\framework\\src\\Illuminate\\Pipeline\\Pipeline.php",
            "line": 137,
            "function": "Illuminate\\Pipeline\\{closure}",
            "class": "Illuminate\\Pipeline\\Pipeline",
            "type": "->"
        },
        {
            "file": "C:\\xampp\\htdocs\\antigaspi2\\backend\\vendor\\laravel\\framework\\src\\Illuminate\\Routing\\Router.php",
            "line": 821,
            "function": "then",
            "class": "Illuminate\\Pipeline\\Pipeline",
            "type": "->"
        },
        {
            "file": "C:\\xampp\\htdocs\\antigaspi2\\backend\\vendor\\laravel\\framework\\src\\Illuminate\\Routing\\Router.php",
            "line": 800,
            "function": "runRouteWithinStack",
            "class": "Illuminate\\Routing\\Router",
            "type": "->"
        },
        {
            "file": "C:\\xampp\\htdocs\\antigaspi2\\backend\\vendor\\laravel\\framework\\src\\Illuminate\\Routing\\Router.php",
            "line": 764,
            "function": "runRoute",
            "class": "Illuminate\\Routing\\Router",
            "type": "->"
        },
        {
            "file": "C:\\xampp\\htdocs\\antigaspi2\\backend\\vendor\\laravel\\framework\\src\\Illuminate\\Routing\\Router.php",
            "line": 753,
            "function": "dispatchToRoute",
            "class": "Illuminate\\Routing\\Router",
            "type": "->"
        },
        {
            "file": "C:\\xampp\\htdocs\\antigaspi2\\backend\\vendor\\laravel\\framework\\src\\Illuminate\\Foundation\\Http\\Kernel.php",
            "line": 200,
            "function": "dispatch",
            "class": "Illuminate\\Routing\\Router",
            "type": "->"
        },
        {
            "file": "C:\\xampp\\htdocs\\antigaspi2\\backend\\vendor\\laravel\\framework\\src\\Illuminate\\Pipeline\\Pipeline.php",
            "line": 180,
            "function": "Illuminate\\Foundation\\Http\\{closure}",
            "class": "Illuminate\\Foundation\\Http\\Kernel",
            "type": "->"
        },
        {
            "file": "C:\\xampp\\htdocs\\antigaspi2\\backend\\vendor\\laravel\\framework\\src\\Illuminate\\Foundation\\Http\\Middleware\\TransformsRequest.php",
            "line": 21,
            "function": "Illuminate\\Pipeline\\{closure}",
            "class": "Illuminate\\Pipeline\\Pipeline",
            "type": "->"
        },
        {
            "file": "C:\\xampp\\htdocs\\antigaspi2\\backend\\vendor\\laravel\\framework\\src\\Illuminate\\Foundation\\Http\\Middleware\\ConvertEmptyStringsToNull.php",
            "line": 31,
            "function": "handle",
            "class": "Illuminate\\Foundation\\Http\\Middleware\\TransformsRequest",
            "type": "->"
        },
        {
            "file": "C:\\xampp\\htdocs\\antigaspi2\\backend\\vendor\\laravel\\framework\\src\\Illuminate\\Pipeline\\Pipeline.php",
            "line": 219,
            "function": "handle",
            "class": "Illuminate\\Foundation\\Http\\Middleware\\ConvertEmptyStringsToNull",
            "type": "->"
        },
        {
            "file": "C:\\xampp\\htdocs\\antigaspi2\\backend\\vendor\\laravel\\framework\\src\\Illuminate\\Foundation\\Http\\Middleware\\TransformsRequest.php",
            "line": 21,
            "function": "Illuminate\\Pipeline\\{closure}",
            "class": "Illuminate\\Pipeline\\Pipeline",
            "type": "->"
        },
        {
            "file": "C:\\xampp\\htdocs\\antigaspi2\\backend\\vendor\\laravel\\framework\\src\\Illuminate\\Foundation\\Http\\Middleware\\TrimStrings.php",
            "line": 51,
            "function": "handle",
            "class": "Illuminate\\Foundation\\Http\\Middleware\\TransformsRequest",
            "type": "->"
        },
        {
            "file": "C:\\xampp\\htdocs\\antigaspi2\\backend\\vendor\\laravel\\framework\\src\\Illuminate\\Pipeline\\Pipeline.php",
            "line": 219,
            "function": "handle",
            "class": "Illuminate\\Foundation\\Http\\Middleware\\TrimStrings",
            "type": "->"
        },
        {
            "file": "C:\\xampp\\htdocs\\antigaspi2\\backend\\vendor\\laravel\\framework\\src\\Illuminate\\Http\\Middleware\\ValidatePostSize.php",
            "line": 27,
            "function": "Illuminate\\Pipeline\\{closure}",
            "class": "Illuminate\\Pipeline\\Pipeline",
            "type": "->"
        },
        {
            "file": "C:\\xampp\\htdocs\\antigaspi2\\backend\\vendor\\laravel\\framework\\src\\Illuminate\\Pipeline\\Pipeline.php",
            "line": 219,
            "function": "handle",
            "class": "Illuminate\\Http\\Middleware\\ValidatePostSize",
            "type": "->"
        },
        {
            "file": "C:\\xampp\\htdocs\\antigaspi2\\backend\\vendor\\laravel\\framework\\src\\Illuminate\\Foundation\\Http\\Middleware\\PreventRequestsDuringMaintenance.php",
            "line": 109,
            "function": "Illuminate\\Pipeline\\{closure}",
            "class": "Illuminate\\Pipeline\\Pipeline",
            "type": "->"
        },
        {
            "file": "C:\\xampp\\htdocs\\antigaspi2\\backend\\vendor\\laravel\\framework\\src\\Illuminate\\Pipeline\\Pipeline.php",
            "line": 219,
            "function": "handle",
            "class": "Illuminate\\Foundation\\Http\\Middleware\\PreventRequestsDuringMaintenance",
            "type": "->"
        },
        {
            "file": "C:\\xampp\\htdocs\\antigaspi2\\backend\\vendor\\laravel\\framework\\src\\Illuminate\\Http\\Middleware\\HandleCors.php",
            "line": 61,
            "function": "Illuminate\\Pipeline\\{closure}",
            "class": "Illuminate\\Pipeline\\Pipeline",
            "type": "->"
        },
        {
            "file": "C:\\xampp\\htdocs\\antigaspi2\\backend\\vendor\\laravel\\framework\\src\\Illuminate\\Pipeline\\Pipeline.php",
            "line": 219,
            "function": "handle",
            "class": "Illuminate\\Http\\Middleware\\HandleCors",
            "type": "->"
        },
        {
            "file": "C:\\xampp\\htdocs\\antigaspi2\\backend\\vendor\\laravel\\framework\\src\\Illuminate\\Http\\Middleware\\TrustProxies.php",
            "line": 58,
            "function": "Illuminate\\Pipeline\\{closure}",
            "class": "Illuminate\\Pipeline\\Pipeline",
            "type": "->"
        },
        {
            "file": "C:\\xampp\\htdocs\\antigaspi2\\backend\\vendor\\laravel\\framework\\src\\Illuminate\\Pipeline\\Pipeline.php",
            "line": 219,
            "function": "handle",
            "class": "Illuminate\\Http\\Middleware\\TrustProxies",
            "type": "->"
        },
        {
            "file": "C:\\xampp\\htdocs\\antigaspi2\\backend\\vendor\\laravel\\framework\\src\\Illuminate\\Foundation\\Http\\Middleware\\InvokeDeferredCallbacks.php",
            "line": 22,
            "function": "Illuminate\\Pipeline\\{closure}",
            "class": "Illuminate\\Pipeline\\Pipeline",
            "type": "->"
        },
        {
            "file": "C:\\xampp\\htdocs\\antigaspi2\\backend\\vendor\\laravel\\framework\\src\\Illuminate\\Pipeline\\Pipeline.php",
            "line": 219,
            "function": "handle",
            "class": "Illuminate\\Foundation\\Http\\Middleware\\InvokeDeferredCallbacks",
            "type": "->"
        },
        {
            "file": "C:\\xampp\\htdocs\\antigaspi2\\backend\\vendor\\laravel\\framework\\src\\Illuminate\\Http\\Middleware\\ValidatePathEncoding.php",
            "line": 26,
            "function": "Illuminate\\Pipeline\\{closure}",
            "class": "Illuminate\\Pipeline\\Pipeline",
            "type": "->"
        },
        {
            "file": "C:\\xampp\\htdocs\\antigaspi2\\backend\\vendor\\laravel\\framework\\src\\Illuminate\\Pipeline\\Pipeline.php",
            "line": 219,
            "function": "handle",
            "class": "Illuminate\\Http\\Middleware\\ValidatePathEncoding",
            "type": "->"
        },
        {
            "file": "C:\\xampp\\htdocs\\antigaspi2\\backend\\vendor\\laravel\\framework\\src\\Illuminate\\Pipeline\\Pipeline.php",
            "line": 137,
            "function": "Illuminate\\Pipeline\\{closure}",
            "class": "Illuminate\\Pipeline\\Pipeline",
            "type": "->"
        },
        {
            "file": "C:\\xampp\\htdocs\\antigaspi2\\backend\\vendor\\laravel\\framework\\src\\Illuminate\\Foundation\\Http\\Kernel.php",
            "line": 175,
            "function": "then",
            "class": "Illuminate\\Pipeline\\Pipeline",
            "type": "->"
        },
        {
            "file": "C:\\xampp\\htdocs\\antigaspi2\\backend\\vendor\\laravel\\framework\\src\\Illuminate\\Foundation\\Http\\Kernel.php",
            "line": 144,
            "function": "sendRequestThroughRouter",
            "class": "Illuminate\\Foundation\\Http\\Kernel",
            "type": "->"
        },
        {
            "file": "C:\\xampp\\htdocs\\antigaspi2\\backend\\vendor\\laravel\\framework\\src\\Illuminate\\Foundation\\Testing\\Concerns\\MakesHttpRequests.php",
            "line": 607,
            "function": "handle",
            "class": "Illuminate\\Foundation\\Http\\Kernel",
            "type": "->"
        },
        {
            "file": "C:\\xampp\\htdocs\\antigaspi2\\backend\\vendor\\laravel\\framework\\src\\Illuminate\\Foundation\\Testing\\Concerns\\MakesHttpRequests.php",
            "line": 573,
            "function": "call",
            "class": "Illuminate\\Foundation\\Testing\\TestCase",
            "type": "->"
        },
        {
            "file": "C:\\xampp\\htdocs\\antigaspi2\\backend\\vendor\\laravel\\framework\\src\\Illuminate\\Foundation\\Testing\\Concerns\\MakesHttpRequests.php",
            "line": 381,
            "function": "json",
            "class": "Illuminate\\Foundation\\Testing\\TestCase",
            "type": "->"
        },
        {
            "file": "C:\\xampp\\htdocs\\antigaspi2\\backend\\tests\\Feature\\AdminControllerTest.php",
            "line": 154,
            "function": "getJson",
            "class": "Illuminate\\Foundation\\Testing\\TestCase",
            "type": "->"
        },
        {
            "file": "C:\\xampp\\htdocs\\antigaspi2\\backend\\vendor\\phpunit\\phpunit\\src\\Framework\\TestCase.php",
            "line": 1657,
            "function": "test_dashboard_requires_admin_role",
            "class": "Tests\\Feature\\AdminControllerTest",
            "type": "->"
        },
        {
            "file": "C:\\xampp\\htdocs\\antigaspi2\\backend\\vendor\\phpunit\\phpunit\\src\\Framework\\TestCase.php",
            "line": 515,
            "function": "runTest",
            "class": "PHPUnit\\Framework\\TestCase",
            "type": "->"
        },
        {
            "file": "C:\\xampp\\htdocs\\antigaspi2\\backend\\vendor\\phpunit\\phpunit\\src\\Framework\\TestRunner\\TestRunner.php",
            "line": 87,
            "function": "runBare",
            "class": "PHPUnit\\Framework\\TestCase",
            "type": "->"
        },
        {
            "file": "C:\\xampp\\htdocs\\antigaspi2\\backend\\vendor\\phpunit\\phpunit\\src\\Framework\\TestCase.php",
            "line": 361,
            "function": "run",
            "class": "PHPUnit\\Framework\\TestRunner",
            "type": "->"
        },
        {
            "file": "C:\\xampp\\htdocs\\antigaspi2\\backend\\vendor\\phpunit\\phpunit\\src\\Framework\\TestSuite.php",
            "line": 369,
            "function": "run",
            "class": "PHPUnit\\Framework\\TestCase",
            "type": "->"
        },
        {
            "file": "C:\\xampp\\htdocs\\antigaspi2\\backend\\vendor\\phpunit\\phpunit\\src\\Framework\\TestSuite.php",
            "line": 369,
            "function": "run",
            "class": "PHPUnit\\Framework\\TestSuite",
            "type": "->"
        },
        {
            "file": "C:\\xampp\\htdocs\\antigaspi2\\backend\\vendor\\phpunit\\phpunit\\src\\Framework\\TestSuite.php",
            "line": 369,
            "function": "run",
            "class": "PHPUnit\\Framework\\TestSuite",
            "type": "->"
        },
        {
            "file": "C:\\xampp\\htdocs\\antigaspi2\\backend\\vendor\\phpunit\\phpunit\\src\\TextUI\\TestRunner.php",
            "line": 64,
            "function": "run",
            "class": "PHPUnit\\Framework\\TestSuite",
            "type": "->"
        },
        {
            "file": "C:\\xampp\\htdocs\\antigaspi2\\backend\\vendor\\phpunit\\phpunit\\src\\TextUI\\Application.php",
            "line": 211,
            "function": "run",
            "class": "PHPUnit\\TextUI\\TestRunner",
            "type": "->"
        },
        {
            "file": "C:\\xampp\\htdocs\\antigaspi2\\backend\\vendor\\phpunit\\phpunit\\phpunit",
            "line": 104,
            "function": "run",
            "class": "PHPUnit\\TextUI\\Application",
            "type": "->"
        }
    ]
}].


Failed asserting that an array has the subset Array &0 [
    'success' => false,
    'message' => 'Accès réservé aux administrateurs',
].
--- Expected
+++ Actual
@@ @@
 array (
-  'message' => 'Accès réservé aux administrateurs',
+  'message' => 'This action is unauthorized.',
   'exception' => 'Symfony\\Component\\HttpKernel\\Exception\\AccessDeniedHttpException',
   'file' => 'C:\\xampp\\htdocs\\antigaspi2\\backend\\vendor\\laravel\\framework\\src\\Illuminate\\Foundation\\Exceptions\\Handler.php',
   'line' => 673,
@@ @@
       'type' => '->',
     ),
   ),
-  'success' => false,
 )[39;22m

  at [32mtests\Feature\AdminControllerTest.php[39m:[32m157[39m
    153▕         $response = $this->withHeader('Authorization', 'Bearer ' . $token)
    154▕             ->getJson('/api/admin/dashboard');
    155▕ 
    156▕         $response->assertStatus(403)
  ➜ 157▕             ->assertJson([
    158▕                 'success' => false,
    159▕                 'message' => 'Accès réservé aux administrateurs',
    160▕             ]);
    161▕     }

  [31m────────────────────────────────────────────────────────────────────────────────────────────────────────────────────[39m  
  [41;1m FAILED [49;22m [1mTests\Feature\AdminMerchantControllerTest[22m [90m>[39m moderation returns expected payload            [41;1m QueryException [49;22m  
[39;1m  SQLSTATE[23000]: Integrity constraint violation: 19 NOT NULL constraint failed: reservations.reservation_code (Connection: sqlite, SQL: insert into "reservations" ("user_id", "product_id", "quantity_reserved", "total_amount", "status", "confirmed_at", "notes", "payment_status", "updated_at", "created_at") values (3, 1, 2, 5000, completed, 2025-10-15 21:29:54, Livraison sans contact, pending, 2025-10-16 09:29:54, 2025-10-16 09:29:54))[39;22m

  at [32mvendor\laravel\framework\src\Illuminate\Database\Connection.php[39m:[32m824[39m
    820▕                     $this->getName(), $query, $this->prepareBindings($bindings), $e
    821▕                 );
    822▕             }
    823▕ 
  ➜ 824▕             throw new QueryException(
    825▕                 $this->getName(), $query, $this->prepareBindings($bindings), $e
    826▕             );
    827▕         }
    828▕     }

  [33m1   [39m[39;1mvendor\laravel\framework\src\Illuminate\Database\Connection.php[39;22m:[39;1m824[39;22m

  [33m2   [39m[39;1mvendor\laravel\framework\src\Illuminate\Database\Connection.php[39;22m:[39;1m570[39;22m
  [90m    NunoMaduro\Collision\Exceptions\TestException::("SQLSTATE[23000]: Integrity constraint violation: 19 NOT NULL constraint failed: reservations.reservation_code")[39m

  [31m────────────────────────────────────────────────────────────────────────────────────────────────────────────────────[39m  
  [41;1m FAILED [49;22m [1mTests\Feature\AnalyticsControllerTest[22m [90m>[39m authenticated user can store events and aggregate stats              
[39;1m  Expected response status code [200] but received 500.
Failed asserting that 500 is identical to 200.

The following exception occurred during the last request:

PDOException: SQLSTATE[HY000]: General error: 1 no such table: analytics_events in C:\xampp\htdocs\antigaspi2\backend\vendor\laravel\framework\src\Illuminate\Database\Connection.php:564
Stack trace:
#0 C:\xampp\htdocs\antigaspi2\backend\vendor\laravel\framework\src\Illuminate\Database\Connection.php(564): PDO->prepare('insert into "an...')
#1 C:\xampp\htdocs\antigaspi2\backend\vendor\laravel\framework\src\Illuminate\Database\Connection.php(811): Illuminate\Database\Connection->Illuminate\Database\{closure}('insert into "an...', Array)
#2 C:\xampp\htdocs\antigaspi2\backend\vendor\laravel\framework\src\Illuminate\Database\Connection.php(778): Illuminate\Database\Connection->runQueryCallback('insert into "an...', Array, Object(Closure))
#3 C:\xampp\htdocs\antigaspi2\backend\vendor\laravel\framework\src\Illuminate\Database\Connection.php(559): Illuminate\Database\Connection->run('insert into "an...', Array, Object(Closure))
#4 C:\xampp\htdocs\antigaspi2\backend\vendor\laravel\framework\src\Illuminate\Database\Connection.php(523): Illuminate\Database\Connection->statement('insert into "an...', Array)
#5 C:\xampp\htdocs\antigaspi2\backend\vendor\laravel\framework\src\Illuminate\Database\Query\Processors\Processor.php(32): Illuminate\Database\Connection->insert('insert into "an...', Array)
#6 C:\xampp\htdocs\antigaspi2\backend\vendor\laravel\framework\src\Illuminate\Database\Query\Builder.php(3853): Illuminate\Database\Query\Processors\Processor->processInsertGetId(Object(Illuminate\Database\Query\Builder), 'insert into "an...', Array, 'id')
#7 C:\xampp\htdocs\antigaspi2\backend\vendor\laravel\framework\src\Illuminate\Database\Eloquent\Builder.php(2235): Illuminate\Database\Query\Builder->insertGetId(Array, 'id')
#8 C:\xampp\htdocs\antigaspi2\backend\vendor\laravel\framework\src\Illuminate\Database\Eloquent\Model.php(1436): Illuminate\Database\Eloquent\Builder->__call('insertGetId', Array)
#9 C:\xampp\htdocs\antigaspi2\backend\vendor\laravel\framework\src\Illuminate\Database\Eloquent\Model.php(1401): Illuminate\Database\Eloquent\Model->insertAndSetId(Object(Illuminate\Database\Eloquent\Builder), Array)
#10 C:\xampp\htdocs\antigaspi2\backend\vendor\laravel\framework\src\Illuminate\Database\Eloquent\Model.php(1240): Illuminate\Database\Eloquent\Model->performInsert(Object(Illuminate\Database\Eloquent\Builder))
#11 C:\xampp\htdocs\antigaspi2\backend\app\Http\Controllers\Api\AnalyticsController.php(45): Illuminate\Database\Eloquent\Model->save()
#12 C:\xampp\htdocs\antigaspi2\backend\vendor\laravel\framework\src\Illuminate\Routing\ControllerDispatcher.php(46): App\Http\Controllers\Api\AnalyticsController->storeEvents(Object(Illuminate\Http\Request))
#13 C:\xampp\htdocs\antigaspi2\backend\vendor\laravel\framework\src\Illuminate\Routing\Route.php(265): Illuminate\Routing\ControllerDispatcher->dispatch(Object(Illuminate\Routing\Route), Object(App\Http\Controllers\Api\AnalyticsController), 'storeEvents')
#14 C:\xampp\htdocs\antigaspi2\backend\vendor\laravel\framework\src\Illuminate\Routing\Route.php(211): Illuminate\Routing\Route->runController()
#15 C:\xampp\htdocs\antigaspi2\backend\vendor\laravel\framework\src\Illuminate\Routing\Router.php(822): Illuminate\Routing\Route->run()
#16 C:\xampp\htdocs\antigaspi2\backend\vendor\laravel\framework\src\Illuminate\Pipeline\Pipeline.php(180): Illuminate\Routing\Router->Illuminate\Routing\{closure}(Object(Illuminate\Http\Request))
#17 C:\xampp\htdocs\antigaspi2\backend\vendor\tymon\jwt-auth\src\Http\Middleware\Authenticate.php(32): Illuminate\Pipeline\Pipeline->Illuminate\Pipeline\{closure}(Object(Illuminate\Http\Request))
#18 C:\xampp\htdocs\antigaspi2\backend\vendor\laravel\framework\src\Illuminate\Pipeline\Pipeline.php(219): Tymon\JWTAuth\Http\Middleware\Authenticate->handle(Object(Illuminate\Http\Request), Object(Closure))
#19 C:\xampp\htdocs\antigaspi2\backend\vendor\laravel\framework\src\Illuminate\Routing\Middleware\SubstituteBindings.php(50): Illuminate\Pipeline\Pipeline->Illuminate\Pipeline\{closure}(Object(Illuminate\Http\Request))
#20 C:\xampp\htdocs\antigaspi2\backend\vendor\laravel\framework\src\Illuminate\Pipeline\Pipeline.php(219): Illuminate\Routing\Middleware\SubstituteBindings->handle(Object(Illuminate\Http\Request), Object(Closure))
#21 C:\xampp\htdocs\antigaspi2\backend\vendor\laravel\framework\src\Illuminate\Routing\Middleware\ThrottleRequests.php(160): Illuminate\Pipeline\Pipeline->Illuminate\Pipeline\{closure}(Object(Illuminate\Http\Request))
#22 C:\xampp\htdocs\antigaspi2\backend\vendor\laravel\framework\src\Illuminate\Routing\Middleware\ThrottleRequests.php(126): Illuminate\Routing\Middleware\ThrottleRequests->handleRequest(Object(Illuminate\Http\Request), Object(Closure), Array)
#23 C:\xampp\htdocs\antigaspi2\backend\vendor\laravel\framework\src\Illuminate\Routing\Middleware\ThrottleRequests.php(88): Illuminate\Routing\Middleware\ThrottleRequests->handleRequestUsingNamedLimiter(Object(Illuminate\Http\Request), Object(Closure), 'api', Object(Closure))
#24 C:\xampp\htdocs\antigaspi2\backend\vendor\laravel\framework\src\Illuminate\Pipeline\Pipeline.php(219): Illuminate\Routing\Middleware\ThrottleRequests->handle(Object(Illuminate\Http\Request), Object(Closure), 'api')
#25 C:\xampp\htdocs\antigaspi2\backend\vendor\laravel\framework\src\Illuminate\Http\Middleware\HandleCors.php(61): Illuminate\Pipeline\Pipeline->Illuminate\Pipeline\{closure}(Object(Illuminate\Http\Request))
#26 C:\xampp\htdocs\antigaspi2\backend\vendor\laravel\framework\src\Illuminate\Pipeline\Pipeline.php(219): Illuminate\Http\Middleware\HandleCors->handle(Object(Illuminate\Http\Request), Object(Closure))
#27 C:\xampp\htdocs\antigaspi2\backend\vendor\laravel\framework\src\Illuminate\Pipeline\Pipeline.php(137): Illuminate\Pipeline\Pipeline->Illuminate\Pipeline\{closure}(Object(Illuminate\Http\Request))
#28 C:\xampp\htdocs\antigaspi2\backend\vendor\laravel\framework\src\Illuminate\Routing\Router.php(821): Illuminate\Pipeline\Pipeline->then(Object(Closure))
#29 C:\xampp\htdocs\antigaspi2\backend\vendor\laravel\framework\src\Illuminate\Routing\Router.php(800): Illuminate\Routing\Router->runRouteWithinStack(Object(Illuminate\Routing\Route), Object(Illuminate\Http\Request))
#30 C:\xampp\htdocs\antigaspi2\backend\vendor\laravel\framework\src\Illuminate\Routing\Router.php(764): Illuminate\Routing\Router->runRoute(Object(Illuminate\Http\Request), Object(Illuminate\Routing\Route))
#31 C:\xampp\htdocs\antigaspi2\backend\vendor\laravel\framework\src\Illuminate\Routing\Router.php(753): Illuminate\Routing\Router->dispatchToRoute(Object(Illuminate\Http\Request))
#32 C:\xampp\htdocs\antigaspi2\backend\vendor\laravel\framework\src\Illuminate\Foundation\Http\Kernel.php(200): Illuminate\Routing\Router->dispatch(Object(Illuminate\Http\Request))
#33 C:\xampp\htdocs\antigaspi2\backend\vendor\laravel\framework\src\Illuminate\Pipeline\Pipeline.php(180): Illuminate\Foundation\Http\Kernel->Illuminate\Foundation\Http\{closure}(Object(Illuminate\Http\Request))
#34 C:\xampp\htdocs\antigaspi2\backend\vendor\laravel\framework\src\Illuminate\Foundation\Http\Middleware\TransformsRequest.php(21): Illuminate\Pipeline\Pipeline->Illuminate\Pipeline\{closure}(Object(Illuminate\Http\Request))
#35 C:\xampp\htdocs\antigaspi2\backend\vendor\laravel\framework\src\Illuminate\Foundation\Http\Middleware\ConvertEmptyStringsToNull.php(31): Illuminate\Foundation\Http\Middleware\TransformsRequest->handle(Object(Illuminate\Http\Request), Object(Closure))
#36 C:\xampp\htdocs\antigaspi2\backend\vendor\laravel\framework\src\Illuminate\Pipeline\Pipeline.php(219): Illuminate\Foundation\Http\Middleware\ConvertEmptyStringsToNull->handle(Object(Illuminate\Http\Request), Object(Closure))
#37 C:\xampp\htdocs\antigaspi2\backend\vendor\laravel\framework\src\Illuminate\Foundation\Http\Middleware\TransformsRequest.php(21): Illuminate\Pipeline\Pipeline->Illuminate\Pipeline\{closure}(Object(Illuminate\Http\Request))
#38 C:\xampp\htdocs\antigaspi2\backend\vendor\laravel\framework\src\Illuminate\Foundation\Http\Middleware\TrimStrings.php(51): Illuminate\Foundation\Http\Middleware\TransformsRequest->handle(Object(Illuminate\Http\Request), Object(Closure))
#39 C:\xampp\htdocs\antigaspi2\backend\vendor\laravel\framework\src\Illuminate\Pipeline\Pipeline.php(219): Illuminate\Foundation\Http\Middleware\TrimStrings->handle(Object(Illuminate\Http\Request), Object(Closure))
#40 C:\xampp\htdocs\antigaspi2\backend\vendor\laravel\framework\src\Illuminate\Http\Middleware\ValidatePostSize.php(27): Illuminate\Pipeline\Pipeline->Illuminate\Pipeline\{closure}(Object(Illuminate\Http\Request))
#41 C:\xampp\htdocs\antigaspi2\backend\vendor\laravel\framework\src\Illuminate\Pipeline\Pipeline.php(219): Illuminate\Http\Middleware\ValidatePostSize->handle(Object(Illuminate\Http\Request), Object(Closure))
#42 C:\xampp\htdocs\antigaspi2\backend\vendor\laravel\framework\src\Illuminate\Foundation\Http\Middleware\PreventRequestsDuringMaintenance.php(109): Illuminate\Pipeline\Pipeline->Illuminate\Pipeline\{closure}(Object(Illuminate\Http\Request))
#43 C:\xampp\htdocs\antigaspi2\backend\vendor\laravel\framework\src\Illuminate\Pipeline\Pipeline.php(219): Illuminate\Foundation\Http\Middleware\PreventRequestsDuringMaintenance->handle(Object(Illuminate\Http\Request), Object(Closure))
#44 C:\xampp\htdocs\antigaspi2\backend\vendor\laravel\framework\src\Illuminate\Http\Middleware\HandleCors.php(61): Illuminate\Pipeline\Pipeline->Illuminate\Pipeline\{closure}(Object(Illuminate\Http\Request))
#45 C:\xampp\htdocs\antigaspi2\backend\vendor\laravel\framework\src\Illuminate\Pipeline\Pipeline.php(219): Illuminate\Http\Middleware\HandleCors->handle(Object(Illuminate\Http\Request), Object(Closure))
#46 C:\xampp\htdocs\antigaspi2\backend\vendor\laravel\framework\src\Illuminate\Http\Middleware\TrustProxies.php(58): Illuminate\Pipeline\Pipeline->Illuminate\Pipeline\{closure}(Object(Illuminate\Http\Request))
#47 C:\xampp\htdocs\antigaspi2\backend\vendor\laravel\framework\src\Illuminate\Pipeline\Pipeline.php(219): Illuminate\Http\Middleware\TrustProxies->handle(Object(Illuminate\Http\Request), Object(Closure))
#48 C:\xampp\htdocs\antigaspi2\backend\vendor\laravel\framework\src\Illuminate\Foundation\Http\Middleware\InvokeDeferredCallbacks.php(22): Illuminate\Pipeline\Pipeline->Illuminate\Pipeline\{closure}(Object(Illuminate\Http\Request))
#49 C:\xampp\htdocs\antigaspi2\backend\vendor\laravel\framework\src\Illuminate\Pipeline\Pipeline.php(219): Illuminate\Foundation\Http\Middleware\InvokeDeferredCallbacks->handle(Object(Illuminate\Http\Request), Object(Closure))
#50 C:\xampp\htdocs\antigaspi2\backend\vendor\laravel\framework\src\Illuminate\Http\Middleware\ValidatePathEncoding.php(26): Illuminate\Pipeline\Pipeline->Illuminate\Pipeline\{closure}(Object(Illuminate\Http\Request))
#51 C:\xampp\htdocs\antigaspi2\backend\vendor\laravel\framework\src\Illuminate\Pipeline\Pipeline.php(219): Illuminate\Http\Middleware\ValidatePathEncoding->handle(Object(Illuminate\Http\Request), Object(Closure))
#52 C:\xampp\htdocs\antigaspi2\backend\vendor\laravel\framework\src\Illuminate\Pipeline\Pipeline.php(137): Illuminate\Pipeline\Pipeline->Illuminate\Pipeline\{closure}(Object(Illuminate\Http\Request))
#53 C:\xampp\htdocs\antigaspi2\backend\vendor\laravel\framework\src\Illuminate\Foundation\Http\Kernel.php(175): Illuminate\Pipeline\Pipeline->then(Object(Closure))
#54 C:\xampp\htdocs\antigaspi2\backend\vendor\laravel\framework\src\Illuminate\Foundation\Http\Kernel.php(144): Illuminate\Foundation\Http\Kernel->sendRequestThroughRouter(Object(Illuminate\Http\Request))
#55 C:\xampp\htdocs\antigaspi2\backend\vendor\laravel\framework\src\Illuminate\Foundation\Testing\Concerns\MakesHttpRequests.php(607): Illuminate\Foundation\Http\Kernel->handle(Object(Illuminate\Http\Request))
#56 C:\xampp\htdocs\antigaspi2\backend\vendor\laravel\framework\src\Illuminate\Foundation\Testing\Concerns\MakesHttpRequests.php(573): Illuminate\Foundation\Testing\TestCase->call('POST', '/api/analytics/...', Array, Array, Array, Array, '{"events":[{"na...')
#57 C:\xampp\htdocs\antigaspi2\backend\vendor\laravel\framework\src\Illuminate\Foundation\Testing\Concerns\MakesHttpRequests.php(411): Illuminate\Foundation\Testing\TestCase->json('POST', '/api/analytics/...', Array, Array, 0)
#58 C:\xampp\htdocs\antigaspi2\backend\tests\Feature\AnalyticsControllerTest.php(35): Illuminate\Foundation\Testing\TestCase->postJson('/api/analytics/...', Array, Array)
#59 C:\xampp\htdocs\antigaspi2\backend\vendor\phpunit\phpunit\src\Framework\TestCase.php(1657): Tests\Feature\AnalyticsControllerTest->test_authenticated_user_can_store_events_and_aggregate_stats()
#60 C:\xampp\htdocs\antigaspi2\backend\vendor\phpunit\phpunit\src\Framework\TestCase.php(515): PHPUnit\Framework\TestCase->runTest()
#61 C:\xampp\htdocs\antigaspi2\backend\vendor\phpunit\phpunit\src\Framework\TestRunner\TestRunner.php(87): PHPUnit\Framework\TestCase->runBare()
#62 C:\xampp\htdocs\antigaspi2\backend\vendor\phpunit\phpunit\src\Framework\TestCase.php(361): PHPUnit\Framework\TestRunner->run(Object(Tests\Feature\AnalyticsControllerTest))
#63 C:\xampp\htdocs\antigaspi2\backend\vendor\phpunit\phpunit\src\Framework\TestSuite.php(369): PHPUnit\Framework\TestCase->run()
#64 C:\xampp\htdocs\antigaspi2\backend\vendor\phpunit\phpunit\src\Framework\TestSuite.php(369): PHPUnit\Framework\TestSuite->run()
#65 C:\xampp\htdocs\antigaspi2\backend\vendor\phpunit\phpunit\src\Framework\TestSuite.php(369): PHPUnit\Framework\TestSuite->run()
#66 C:\xampp\htdocs\antigaspi2\backend\vendor\phpunit\phpunit\src\TextUI\TestRunner.php(64): PHPUnit\Framework\TestSuite->run()
#67 C:\xampp\htdocs\antigaspi2\backend\vendor\phpunit\phpunit\src\TextUI\Application.php(211): PHPUnit\TextUI\TestRunner->run(Object(PHPUnit\TextUI\Configuration\Configuration), Object(PHPUnit\Runner\ResultCache\DefaultResultCache), Object(PHPUnit\Framework\TestSuite))
#68 C:\xampp\htdocs\antigaspi2\backend\vendor\phpunit\phpunit\phpunit(104): PHPUnit\TextUI\Application->run(Array)
#69 {main}

Next Illuminate\Database\QueryException: SQLSTATE[HY000]: General error: 1 no such table: analytics_events (Connection: sqlite, SQL: insert into "analytics_events" ("user_id", "external_user_id", "name", "category", "properties", "session_id", "occurred_at", "updated_at", "created_at") values (1, ?, Reservation Created, Commerce, {"quantity":2,"totalAmount":5000,"merchantId":1}, session-123, 2025-10-16 10:00:00, 2025-10-16 09:29:54, 2025-10-16 09:29:54)) in C:\xampp\htdocs\antigaspi2\backend\vendor\laravel\framework\src\Illuminate\Database\Connection.php:824
Stack trace:
#0 C:\xampp\htdocs\antigaspi2\backend\vendor\laravel\framework\src\Illuminate\Database\Connection.php(778): Illuminate\Database\Connection->runQueryCallback('insert into "an...', Array, Object(Closure))
#1 C:\xampp\htdocs\antigaspi2\backend\vendor\laravel\framework\src\Illuminate\Database\Connection.php(559): Illuminate\Database\Connection->run('insert into "an...', Array, Object(Closure))
#2 C:\xampp\htdocs\antigaspi2\backend\vendor\laravel\framework\src\Illuminate\Database\Connection.php(523): Illuminate\Database\Connection->statement('insert into "an...', Array)
#3 C:\xampp\htdocs\antigaspi2\backend\vendor\laravel\framework\src\Illuminate\Database\Query\Processors\Processor.php(32): Illuminate\Database\Connection->insert('insert into "an...', Array)
#4 C:\xampp\htdocs\antigaspi2\backend\vendor\laravel\framework\src\Illuminate\Database\Query\Builder.php(3853): Illuminate\Database\Query\Processors\Processor->processInsertGetId(Object(Illuminate\Database\Query\Builder), 'insert into "an...', Array, 'id')
#5 C:\xampp\htdocs\antigaspi2\backend\vendor\laravel\framework\src\Illuminate\Database\Eloquent\Builder.php(2235): Illuminate\Database\Query\Builder->insertGetId(Array, 'id')
#6 C:\xampp\htdocs\antigaspi2\backend\vendor\laravel\framework\src\Illuminate\Database\Eloquent\Model.php(1436): Illuminate\Database\Eloquent\Builder->__call('insertGetId', Array)
#7 C:\xampp\htdocs\antigaspi2\backend\vendor\laravel\framework\src\Illuminate\Database\Eloquent\Model.php(1401): Illuminate\Database\Eloquent\Model->insertAndSetId(Object(Illuminate\Database\Eloquent\Builder), Array)
#8 C:\xampp\htdocs\antigaspi2\backend\vendor\laravel\framework\src\Illuminate\Database\Eloquent\Model.php(1240): Illuminate\Database\Eloquent\Model->performInsert(Object(Illuminate\Database\Eloquent\Builder))
#9 C:\xampp\htdocs\antigaspi2\backend\app\Http\Controllers\Api\AnalyticsController.php(45): Illuminate\Database\Eloquent\Model->save()
#10 C:\xampp\htdocs\antigaspi2\backend\vendor\laravel\framework\src\Illuminate\Routing\ControllerDispatcher.php(46): App\Http\Controllers\Api\AnalyticsController->storeEvents(Object(Illuminate\Http\Request))
#11 C:\xampp\htdocs\antigaspi2\backend\vendor\laravel\framework\src\Illuminate\Routing\Route.php(265): Illuminate\Routing\ControllerDispatcher->dispatch(Object(Illuminate\Routing\Route), Object(App\Http\Controllers\Api\AnalyticsController), 'storeEvents')
#12 C:\xampp\htdocs\antigaspi2\backend\vendor\laravel\framework\src\Illuminate\Routing\Route.php(211): Illuminate\Routing\Route->runController()
#13 C:\xampp\htdocs\antigaspi2\backend\vendor\laravel\framework\src\Illuminate\Routing\Router.php(822): Illuminate\Routing\Route->run()
#14 C:\xampp\htdocs\antigaspi2\backend\vendor\laravel\framework\src\Illuminate\Pipeline\Pipeline.php(180): Illuminate\Routing\Router->Illuminate\Routing\{closure}(Object(Illuminate\Http\Request))
#15 C:\xampp\htdocs\antigaspi2\backend\vendor\tymon\jwt-auth\src\Http\Middleware\Authenticate.php(32): Illuminate\Pipeline\Pipeline->Illuminate\Pipeline\{closure}(Object(Illuminate\Http\Request))
#16 C:\xampp\htdocs\antigaspi2\backend\vendor\laravel\framework\src\Illuminate\Pipeline\Pipeline.php(219): Tymon\JWTAuth\Http\Middleware\Authenticate->handle(Object(Illuminate\Http\Request), Object(Closure))
#17 C:\xampp\htdocs\antigaspi2\backend\vendor\laravel\framework\src\Illuminate\Routing\Middleware\SubstituteBindings.php(50): Illuminate\Pipeline\Pipeline->Illuminate\Pipeline\{closure}(Object(Illuminate\Http\Request))
#18 C:\xampp\htdocs\antigaspi2\backend\vendor\laravel\framework\src\Illuminate\Pipeline\Pipeline.php(219): Illuminate\Routing\Middleware\SubstituteBindings->handle(Object(Illuminate\Http\Request), Object(Closure))
#19 C:\xampp\htdocs\antigaspi2\backend\vendor\laravel\framework\src\Illuminate\Routing\Middleware\ThrottleRequests.php(160): Illuminate\Pipeline\Pipeline->Illuminate\Pipeline\{closure}(Object(Illuminate\Http\Request))
#20 C:\xampp\htdocs\antigaspi2\backend\vendor\laravel\framework\src\Illuminate\Routing\Middleware\ThrottleRequests.php(126): Illuminate\Routing\Middleware\ThrottleRequests->handleRequest(Object(Illuminate\Http\Request), Object(Closure), Array)
#21 C:\xampp\htdocs\antigaspi2\backend\vendor\laravel\framework\src\Illuminate\Routing\Middleware\ThrottleRequests.php(88): Illuminate\Routing\Middleware\ThrottleRequests->handleRequestUsingNamedLimiter(Object(Illuminate\Http\Request), Object(Closure), 'api', Object(Closure))
#22 C:\xampp\htdocs\antigaspi2\backend\vendor\laravel\framework\src\Illuminate\Pipeline\Pipeline.php(219): Illuminate\Routing\Middleware\ThrottleRequests->handle(Object(Illuminate\Http\Request), Object(Closure), 'api')
#23 C:\xampp\htdocs\antigaspi2\backend\vendor\laravel\framework\src\Illuminate\Http\Middleware\HandleCors.php(61): Illuminate\Pipeline\Pipeline->Illuminate\Pipeline\{closure}(Object(Illuminate\Http\Request))
#24 C:\xampp\htdocs\antigaspi2\backend\vendor\laravel\framework\src\Illuminate\Pipeline\Pipeline.php(219): Illuminate\Http\Middleware\HandleCors->handle(Object(Illuminate\Http\Request), Object(Closure))
#25 C:\xampp\htdocs\antigaspi2\backend\vendor\laravel\framework\src\Illuminate\Pipeline\Pipeline.php(137): Illuminate\Pipeline\Pipeline->Illuminate\Pipeline\{closure}(Object(Illuminate\Http\Request))
#26 C:\xampp\htdocs\antigaspi2\backend\vendor\laravel\framework\src\Illuminate\Routing\Router.php(821): Illuminate\Pipeline\Pipeline->then(Object(Closure))
#27 C:\xampp\htdocs\antigaspi2\backend\vendor\laravel\framework\src\Illuminate\Routing\Router.php(800): Illuminate\Routing\Router->runRouteWithinStack(Object(Illuminate\Routing\Route), Object(Illuminate\Http\Request))
#28 C:\xampp\htdocs\antigaspi2\backend\vendor\laravel\framework\src\Illuminate\Routing\Router.php(764): Illuminate\Routing\Router->runRoute(Object(Illuminate\Http\Request), Object(Illuminate\Routing\Route))
#29 C:\xampp\htdocs\antigaspi2\backend\vendor\laravel\framework\src\Illuminate\Routing\Router.php(753): Illuminate\Routing\Router->dispatchToRoute(Object(Illuminate\Http\Request))
#30 C:\xampp\htdocs\antigaspi2\backend\vendor\laravel\framework\src\Illuminate\Foundation\Http\Kernel.php(200): Illuminate\Routing\Router->dispatch(Object(Illuminate\Http\Request))
#31 C:\xampp\htdocs\antigaspi2\backend\vendor\laravel\framework\src\Illuminate\Pipeline\Pipeline.php(180): Illuminate\Foundation\Http\Kernel->Illuminate\Foundation\Http\{closure}(Object(Illuminate\Http\Request))
#32 C:\xampp\htdocs\antigaspi2\backend\vendor\laravel\framework\src\Illuminate\Foundation\Http\Middleware\TransformsRequest.php(21): Illuminate\Pipeline\Pipeline->Illuminate\Pipeline\{closure}(Object(Illuminate\Http\Request))
#33 C:\xampp\htdocs\antigaspi2\backend\vendor\laravel\framework\src\Illuminate\Foundation\Http\Middleware\ConvertEmptyStringsToNull.php(31): Illuminate\Foundation\Http\Middleware\TransformsRequest->handle(Object(Illuminate\Http\Request), Object(Closure))
#34 C:\xampp\htdocs\antigaspi2\backend\vendor\laravel\framework\src\Illuminate\Pipeline\Pipeline.php(219): Illuminate\Foundation\Http\Middleware\ConvertEmptyStringsToNull->handle(Object(Illuminate\Http\Request), Object(Closure))
#35 C:\xampp\htdocs\antigaspi2\backend\vendor\laravel\framework\src\Illuminate\Foundation\Http\Middleware\TransformsRequest.php(21): Illuminate\Pipeline\Pipeline->Illuminate\Pipeline\{closure}(Object(Illuminate\Http\Request))
#36 C:\xampp\htdocs\antigaspi2\backend\vendor\laravel\framework\src\Illuminate\Foundation\Http\Middleware\TrimStrings.php(51): Illuminate\Foundation\Http\Middleware\TransformsRequest->handle(Object(Illuminate\Http\Request), Object(Closure))
#37 C:\xampp\htdocs\antigaspi2\backend\vendor\laravel\framework\src\Illuminate\Pipeline\Pipeline.php(219): Illuminate\Foundation\Http\Middleware\TrimStrings->handle(Object(Illuminate\Http\Request), Object(Closure))
#38 C:\xampp\htdocs\antigaspi2\backend\vendor\laravel\framework\src\Illuminate\Http\Middleware\ValidatePostSize.php(27): Illuminate\Pipeline\Pipeline->Illuminate\Pipeline\{closure}(Object(Illuminate\Http\Request))
#39 C:\xampp\htdocs\antigaspi2\backend\vendor\laravel\framework\src\Illuminate\Pipeline\Pipeline.php(219): Illuminate\Http\Middleware\ValidatePostSize->handle(Object(Illuminate\Http\Request), Object(Closure))
#40 C:\xampp\htdocs\antigaspi2\backend\vendor\laravel\framework\src\Illuminate\Foundation\Http\Middleware\PreventRequestsDuringMaintenance.php(109): Illuminate\Pipeline\Pipeline->Illuminate\Pipeline\{closure}(Object(Illuminate\Http\Request))
#41 C:\xampp\htdocs\antigaspi2\backend\vendor\laravel\framework\src\Illuminate\Pipeline\Pipeline.php(219): Illuminate\Foundation\Http\Middleware\PreventRequestsDuringMaintenance->handle(Object(Illuminate\Http\Request), Object(Closure))
#42 C:\xampp\htdocs\antigaspi2\backend\vendor\laravel\framework\src\Illuminate\Http\Middleware\HandleCors.php(61): Illuminate\Pipeline\Pipeline->Illuminate\Pipeline\{closure}(Object(Illuminate\Http\Request))
#43 C:\xampp\htdocs\antigaspi2\backend\vendor\laravel\framework\src\Illuminate\Pipeline\Pipeline.php(219): Illuminate\Http\Middleware\HandleCors->handle(Object(Illuminate\Http\Request), Object(Closure))
#44 C:\xampp\htdocs\antigaspi2\backend\vendor\laravel\framework\src\Illuminate\Http\Middleware\TrustProxies.php(58): Illuminate\Pipeline\Pipeline->Illuminate\Pipeline\{closure}(Object(Illuminate\Http\Request))
#45 C:\xampp\htdocs\antigaspi2\backend\vendor\laravel\framework\src\Illuminate\Pipeline\Pipeline.php(219): Illuminate\Http\Middleware\TrustProxies->handle(Object(Illuminate\Http\Request), Object(Closure))
#46 C:\xampp\htdocs\antigaspi2\backend\vendor\laravel\framework\src\Illuminate\Foundation\Http\Middleware\InvokeDeferredCallbacks.php(22): Illuminate\Pipeline\Pipeline->Illuminate\Pipeline\{closure}(Object(Illuminate\Http\Request))
#47 C:\xampp\htdocs\antigaspi2\backend\vendor\laravel\framework\src\Illuminate\Pipeline\Pipeline.php(219): Illuminate\Foundation\Http\Middleware\InvokeDeferredCallbacks->handle(Object(Illuminate\Http\Request), Object(Closure))
#48 C:\xampp\htdocs\antigaspi2\backend\vendor\laravel\framework\src\Illuminate\Http\Middleware\ValidatePathEncoding.php(26): Illuminate\Pipeline\Pipeline->Illuminate\Pipeline\{closure}(Object(Illuminate\Http\Request))
#49 C:\xampp\htdocs\antigaspi2\backend\vendor\laravel\framework\src\Illuminate\Pipeline\Pipeline.php(219): Illuminate\Http\Middleware\ValidatePathEncoding->handle(Object(Illuminate\Http\Request), Object(Closure))
#50 C:\xampp\htdocs\antigaspi2\backend\vendor\laravel\framework\src\Illuminate\Pipeline\Pipeline.php(137): Illuminate\Pipeline\Pipeline->Illuminate\Pipeline\{closure}(Object(Illuminate\Http\Request))
#51 C:\xampp\htdocs\antigaspi2\backend\vendor\laravel\framework\src\Illuminate\Foundation\Http\Kernel.php(175): Illuminate\Pipeline\Pipeline->then(Object(Closure))
#52 C:\xampp\htdocs\antigaspi2\backend\vendor\laravel\framework\src\Illuminate\Foundation\Http\Kernel.php(144): Illuminate\Foundation\Http\Kernel->sendRequestThroughRouter(Object(Illuminate\Http\Request))
#53 C:\xampp\htdocs\antigaspi2\backend\vendor\laravel\framework\src\Illuminate\Foundation\Testing\Concerns\MakesHttpRequests.php(607): Illuminate\Foundation\Http\Kernel->handle(Object(Illuminate\Http\Request))
#54 C:\xampp\htdocs\antigaspi2\backend\vendor\laravel\framework\src\Illuminate\Foundation\Testing\Concerns\MakesHttpRequests.php(573): Illuminate\Foundation\Testing\TestCase->call('POST', '/api/analytics/...', Array, Array, Array, Array, '{"events":[{"na...')
#55 C:\xampp\htdocs\antigaspi2\backend\vendor\laravel\framework\src\Illuminate\Foundation\Testing\Concerns\MakesHttpRequests.php(411): Illuminate\Foundation\Testing\TestCase->json('POST', '/api/analytics/...', Array, Array, 0)
#56 C:\xampp\htdocs\antigaspi2\backend\tests\Feature\AnalyticsControllerTest.php(35): Illuminate\Foundation\Testing\TestCase->postJson('/api/analytics/...', Array, Array)
#57 C:\xampp\htdocs\antigaspi2\backend\vendor\phpunit\phpunit\src\Framework\TestCase.php(1657): Tests\Feature\AnalyticsControllerTest->test_authenticated_user_can_store_events_and_aggregate_stats()
#58 C:\xampp\htdocs\antigaspi2\backend\vendor\phpunit\phpunit\src\Framework\TestCase.php(515): PHPUnit\Framework\TestCase->runTest()
#59 C:\xampp\htdocs\antigaspi2\backend\vendor\phpunit\phpunit\src\Framework\TestRunner\TestRunner.php(87): PHPUnit\Framework\TestCase->runBare()
#60 C:\xampp\htdocs\antigaspi2\backend\vendor\phpunit\phpunit\src\Framework\TestCase.php(361): PHPUnit\Framework\TestRunner->run(Object(Tests\Feature\AnalyticsControllerTest))
#61 C:\xampp\htdocs\antigaspi2\backend\vendor\phpunit\phpunit\src\Framework\TestSuite.php(369): PHPUnit\Framework\TestCase->run()
#62 C:\xampp\htdocs\antigaspi2\backend\vendor\phpunit\phpunit\src\Framework\TestSuite.php(369): PHPUnit\Framework\TestSuite->run()
#63 C:\xampp\htdocs\antigaspi2\backend\vendor\phpunit\phpunit\src\Framework\TestSuite.php(369): PHPUnit\Framework\TestSuite->run()
#64 C:\xampp\htdocs\antigaspi2\backend\vendor\phpunit\phpunit\src\TextUI\TestRunner.php(64): PHPUnit\Framework\TestSuite->run()
#65 C:\xampp\htdocs\antigaspi2\backend\vendor\phpunit\phpunit\src\TextUI\Application.php(211): PHPUnit\TextUI\TestRunner->run(Object(PHPUnit\TextUI\Configuration\Configuration), Object(PHPUnit\Runner\ResultCache\DefaultResultCache), Object(PHPUnit\Framework\TestSuite))
#66 C:\xampp\htdocs\antigaspi2\backend\vendor\phpunit\phpunit\phpunit(104): PHPUnit\TextUI\Application->run(Array)
#67 {main}

----------------------------------------------------------------------------------

SQLSTATE[HY000]: General error: 1 no such table: analytics_events (Connection: sqlite, SQL: insert into "analytics_events" ("user_id", "external_user_id", "name", "category", "properties", "session_id", "occurred_at", "updated_at", "created_at") values (1, ?, Reservation Created, Commerce, {"quantity":2,"totalAmount":5000,"merchantId":1}, session-123, 2025-10-16 10:00:00, 2025-10-16 09:29:54, 2025-10-16 09:29:54))[39;22m

  at [32mtests\Feature\AnalyticsControllerTest.php[39m:[32m71[39m
     67▕                 ],
     68▕             ],
     69▕         ], $headers);
     70▕ 
  ➜  71▕         $response->assertOk()
     72▕             ->assertJson([
     73▕                 'success' => true,
     74▕                 'stored' => 3,
     75▕             ]);

  [31m────────────────────────────────────────────────────────────────────────────────────────────────────────────────────[39m  
  [41;1m FAILED [49;22m [1mTests\Feature\NotificationControllerTest[22m [90m>[39m user can manage push subscriptions                                
[39;1m  Expected response status code [201] but received 500.
Failed asserting that 500 is identical to 201.

The following exception occurred during the last request:

PDOException: SQLSTATE[HY000]: General error: 1 no such table: push_subscriptions in C:\xampp\htdocs\antigaspi2\backend\vendor\laravel\framework\src\Illuminate\Database\Connection.php:406
Stack trace:
#0 C:\xampp\htdocs\antigaspi2\backend\vendor\laravel\framework\src\Illuminate\Database\Connection.php(406): PDO->prepare('select * from "...')
#1 C:\xampp\htdocs\antigaspi2\backend\vendor\laravel\framework\src\Illuminate\Database\Connection.php(811): Illuminate\Database\Connection->Illuminate\Database\{closure}('select * from "...', Array)
#2 C:\xampp\htdocs\antigaspi2\backend\vendor\laravel\framework\src\Illuminate\Database\Connection.php(778): Illuminate\Database\Connection->runQueryCallback('select * from "...', Array, Object(Closure))
#3 C:\xampp\htdocs\antigaspi2\backend\vendor\laravel\framework\src\Illuminate\Database\Connection.php(397): Illuminate\Database\Connection->run('select * from "...', Array, Object(Closure))
#4 C:\xampp\htdocs\antigaspi2\backend\vendor\laravel\framework\src\Illuminate\Database\Query\Builder.php(3188): Illuminate\Database\Connection->select('select * from "...', Array, true)
#5 C:\xampp\htdocs\antigaspi2\backend\vendor\laravel\framework\src\Illuminate\Database\Query\Builder.php(3173): Illuminate\Database\Query\Builder->runSelect()
#6 C:\xampp\htdocs\antigaspi2\backend\vendor\laravel\framework\src\Illuminate\Database\Query\Builder.php(3763): Illuminate\Database\Query\Builder->Illuminate\Database\Query\{closure}()
#7 C:\xampp\htdocs\antigaspi2\backend\vendor\laravel\framework\src\Illuminate\Database\Query\Builder.php(3172): Illuminate\Database\Query\Builder->onceWithColumns(Array, Object(Closure))
#8 C:\xampp\htdocs\antigaspi2\backend\vendor\laravel\framework\src\Illuminate\Database\Eloquent\Builder.php(902): Illuminate\Database\Query\Builder->get(Array)
#9 C:\xampp\htdocs\antigaspi2\backend\vendor\laravel\framework\src\Illuminate\Database\Eloquent\Builder.php(884): Illuminate\Database\Eloquent\Builder->getModels(Array)
#10 C:\xampp\htdocs\antigaspi2\backend\vendor\laravel\framework\src\Illuminate\Database\Concerns\BuildsQueries.php(366): Illuminate\Database\Eloquent\Builder->get(Array)
#11 C:\xampp\htdocs\antigaspi2\backend\vendor\laravel\framework\src\Illuminate\Database\Eloquent\Builder.php(708): Illuminate\Database\Eloquent\Builder->first()
#12 C:\xampp\htdocs\antigaspi2\backend\vendor\laravel\framework\src\Illuminate\Database\Eloquent\Builder.php(740): Illuminate\Database\Eloquent\Builder->firstOrCreate(Array, Array)
#13 C:\xampp\htdocs\antigaspi2\backend\vendor\laravel\framework\src\Illuminate\Support\Traits\ForwardsCalls.php(23): Illuminate\Database\Eloquent\Builder->updateOrCreate(Array, Array)
#14 C:\xampp\htdocs\antigaspi2\backend\vendor\laravel\framework\src\Illuminate\Database\Eloquent\Model.php(2540): Illuminate\Database\Eloquent\Model->forwardCallTo(Object(Illuminate\Database\Eloquent\Builder), 'updateOrCreate', Array)
#15 C:\xampp\htdocs\antigaspi2\backend\vendor\laravel\framework\src\Illuminate\Database\Eloquent\Model.php(2556): Illuminate\Database\Eloquent\Model->__call('updateOrCreate', Array)
#16 C:\xampp\htdocs\antigaspi2\backend\app\Services\PushSubscriptionService.php(17): Illuminate\Database\Eloquent\Model::__callStatic('updateOrCreate', Array)
#17 C:\xampp\htdocs\antigaspi2\backend\app\Http\Controllers\Api\NotificationController.php(84): App\Services\PushSubscriptionService->subscribe(Object(App\Models\User), Array)
#18 C:\xampp\htdocs\antigaspi2\backend\vendor\laravel\framework\src\Illuminate\Routing\ControllerDispatcher.php(46): App\Http\Controllers\Api\NotificationController->subscribe(Object(Illuminate\Http\Request))
#19 C:\xampp\htdocs\antigaspi2\backend\vendor\laravel\framework\src\Illuminate\Routing\Route.php(265): Illuminate\Routing\ControllerDispatcher->dispatch(Object(Illuminate\Routing\Route), Object(App\Http\Controllers\Api\NotificationController), 'subscribe')
#20 C:\xampp\htdocs\antigaspi2\backend\vendor\laravel\framework\src\Illuminate\Routing\Route.php(211): Illuminate\Routing\Route->runController()
#21 C:\xampp\htdocs\antigaspi2\backend\vendor\laravel\framework\src\Illuminate\Routing\Router.php(822): Illuminate\Routing\Route->run()
#22 C:\xampp\htdocs\antigaspi2\backend\vendor\laravel\framework\src\Illuminate\Pipeline\Pipeline.php(180): Illuminate\Routing\Router->Illuminate\Routing\{closure}(Object(Illuminate\Http\Request))
#23 C:\xampp\htdocs\antigaspi2\backend\vendor\tymon\jwt-auth\src\Http\Middleware\Authenticate.php(32): Illuminate\Pipeline\Pipeline->Illuminate\Pipeline\{closure}(Object(Illuminate\Http\Request))
#24 C:\xampp\htdocs\antigaspi2\backend\vendor\laravel\framework\src\Illuminate\Pipeline\Pipeline.php(219): Tymon\JWTAuth\Http\Middleware\Authenticate->handle(Object(Illuminate\Http\Request), Object(Closure))
#25 C:\xampp\htdocs\antigaspi2\backend\vendor\laravel\framework\src\Illuminate\Routing\Middleware\SubstituteBindings.php(50): Illuminate\Pipeline\Pipeline->Illuminate\Pipeline\{closure}(Object(Illuminate\Http\Request))
#26 C:\xampp\htdocs\antigaspi2\backend\vendor\laravel\framework\src\Illuminate\Pipeline\Pipeline.php(219): Illuminate\Routing\Middleware\SubstituteBindings->handle(Object(Illuminate\Http\Request), Object(Closure))
#27 C:\xampp\htdocs\antigaspi2\backend\vendor\laravel\framework\src\Illuminate\Routing\Middleware\ThrottleRequests.php(160): Illuminate\Pipeline\Pipeline->Illuminate\Pipeline\{closure}(Object(Illuminate\Http\Request))
#28 C:\xampp\htdocs\antigaspi2\backend\vendor\laravel\framework\src\Illuminate\Routing\Middleware\ThrottleRequests.php(126): Illuminate\Routing\Middleware\ThrottleRequests->handleRequest(Object(Illuminate\Http\Request), Object(Closure), Array)
#29 C:\xampp\htdocs\antigaspi2\backend\vendor\laravel\framework\src\Illuminate\Routing\Middleware\ThrottleRequests.php(88): Illuminate\Routing\Middleware\ThrottleRequests->handleRequestUsingNamedLimiter(Object(Illuminate\Http\Request), Object(Closure), 'api', Object(Closure))
#30 C:\xampp\htdocs\antigaspi2\backend\vendor\laravel\framework\src\Illuminate\Pipeline\Pipeline.php(219): Illuminate\Routing\Middleware\ThrottleRequests->handle(Object(Illuminate\Http\Request), Object(Closure), 'api')
#31 C:\xampp\htdocs\antigaspi2\backend\vendor\laravel\framework\src\Illuminate\Http\Middleware\HandleCors.php(61): Illuminate\Pipeline\Pipeline->Illuminate\Pipeline\{closure}(Object(Illuminate\Http\Request))
#32 C:\xampp\htdocs\antigaspi2\backend\vendor\laravel\framework\src\Illuminate\Pipeline\Pipeline.php(219): Illuminate\Http\Middleware\HandleCors->handle(Object(Illuminate\Http\Request), Object(Closure))
#33 C:\xampp\htdocs\antigaspi2\backend\vendor\laravel\framework\src\Illuminate\Pipeline\Pipeline.php(137): Illuminate\Pipeline\Pipeline->Illuminate\Pipeline\{closure}(Object(Illuminate\Http\Request))
#34 C:\xampp\htdocs\antigaspi2\backend\vendor\laravel\framework\src\Illuminate\Routing\Router.php(821): Illuminate\Pipeline\Pipeline->then(Object(Closure))
#35 C:\xampp\htdocs\antigaspi2\backend\vendor\laravel\framework\src\Illuminate\Routing\Router.php(800): Illuminate\Routing\Router->runRouteWithinStack(Object(Illuminate\Routing\Route), Object(Illuminate\Http\Request))
#36 C:\xampp\htdocs\antigaspi2\backend\vendor\laravel\framework\src\Illuminate\Routing\Router.php(764): Illuminate\Routing\Router->runRoute(Object(Illuminate\Http\Request), Object(Illuminate\Routing\Route))
#37 C:\xampp\htdocs\antigaspi2\backend\vendor\laravel\framework\src\Illuminate\Routing\Router.php(753): Illuminate\Routing\Router->dispatchToRoute(Object(Illuminate\Http\Request))
#38 C:\xampp\htdocs\antigaspi2\backend\vendor\laravel\framework\src\Illuminate\Foundation\Http\Kernel.php(200): Illuminate\Routing\Router->dispatch(Object(Illuminate\Http\Request))
#39 C:\xampp\htdocs\antigaspi2\backend\vendor\laravel\framework\src\Illuminate\Pipeline\Pipeline.php(180): Illuminate\Foundation\Http\Kernel->Illuminate\Foundation\Http\{closure}(Object(Illuminate\Http\Request))
#40 C:\xampp\htdocs\antigaspi2\backend\vendor\laravel\framework\src\Illuminate\Foundation\Http\Middleware\TransformsRequest.php(21): Illuminate\Pipeline\Pipeline->Illuminate\Pipeline\{closure}(Object(Illuminate\Http\Request))
#41 C:\xampp\htdocs\antigaspi2\backend\vendor\laravel\framework\src\Illuminate\Foundation\Http\Middleware\ConvertEmptyStringsToNull.php(31): Illuminate\Foundation\Http\Middleware\TransformsRequest->handle(Object(Illuminate\Http\Request), Object(Closure))
#42 C:\xampp\htdocs\antigaspi2\backend\vendor\laravel\framework\src\Illuminate\Pipeline\Pipeline.php(219): Illuminate\Foundation\Http\Middleware\ConvertEmptyStringsToNull->handle(Object(Illuminate\Http\Request), Object(Closure))
#43 C:\xampp\htdocs\antigaspi2\backend\vendor\laravel\framework\src\Illuminate\Foundation\Http\Middleware\TransformsRequest.php(21): Illuminate\Pipeline\Pipeline->Illuminate\Pipeline\{closure}(Object(Illuminate\Http\Request))
#44 C:\xampp\htdocs\antigaspi2\backend\vendor\laravel\framework\src\Illuminate\Foundation\Http\Middleware\TrimStrings.php(51): Illuminate\Foundation\Http\Middleware\TransformsRequest->handle(Object(Illuminate\Http\Request), Object(Closure))
#45 C:\xampp\htdocs\antigaspi2\backend\vendor\laravel\framework\src\Illuminate\Pipeline\Pipeline.php(219): Illuminate\Foundation\Http\Middleware\TrimStrings->handle(Object(Illuminate\Http\Request), Object(Closure))
#46 C:\xampp\htdocs\antigaspi2\backend\vendor\laravel\framework\src\Illuminate\Http\Middleware\ValidatePostSize.php(27): Illuminate\Pipeline\Pipeline->Illuminate\Pipeline\{closure}(Object(Illuminate\Http\Request))
#47 C:\xampp\htdocs\antigaspi2\backend\vendor\laravel\framework\src\Illuminate\Pipeline\Pipeline.php(219): Illuminate\Http\Middleware\ValidatePostSize->handle(Object(Illuminate\Http\Request), Object(Closure))
#48 C:\xampp\htdocs\antigaspi2\backend\vendor\laravel\framework\src\Illuminate\Foundation\Http\Middleware\PreventRequestsDuringMaintenance.php(109): Illuminate\Pipeline\Pipeline->Illuminate\Pipeline\{closure}(Object(Illuminate\Http\Request))
#49 C:\xampp\htdocs\antigaspi2\backend\vendor\laravel\framework\src\Illuminate\Pipeline\Pipeline.php(219): Illuminate\Foundation\Http\Middleware\PreventRequestsDuringMaintenance->handle(Object(Illuminate\Http\Request), Object(Closure))
#50 C:\xampp\htdocs\antigaspi2\backend\vendor\laravel\framework\src\Illuminate\Http\Middleware\HandleCors.php(61): Illuminate\Pipeline\Pipeline->Illuminate\Pipeline\{closure}(Object(Illuminate\Http\Request))
#51 C:\xampp\htdocs\antigaspi2\backend\vendor\laravel\framework\src\Illuminate\Pipeline\Pipeline.php(219): Illuminate\Http\Middleware\HandleCors->handle(Object(Illuminate\Http\Request), Object(Closure))
#52 C:\xampp\htdocs\antigaspi2\backend\vendor\laravel\framework\src\Illuminate\Http\Middleware\TrustProxies.php(58): Illuminate\Pipeline\Pipeline->Illuminate\Pipeline\{closure}(Object(Illuminate\Http\Request))
#53 C:\xampp\htdocs\antigaspi2\backend\vendor\laravel\framework\src\Illuminate\Pipeline\Pipeline.php(219): Illuminate\Http\Middleware\TrustProxies->handle(Object(Illuminate\Http\Request), Object(Closure))
#54 C:\xampp\htdocs\antigaspi2\backend\vendor\laravel\framework\src\Illuminate\Foundation\Http\Middleware\InvokeDeferredCallbacks.php(22): Illuminate\Pipeline\Pipeline->Illuminate\Pipeline\{closure}(Object(Illuminate\Http\Request))
#55 C:\xampp\htdocs\antigaspi2\backend\vendor\laravel\framework\src\Illuminate\Pipeline\Pipeline.php(219): Illuminate\Foundation\Http\Middleware\InvokeDeferredCallbacks->handle(Object(Illuminate\Http\Request), Object(Closure))
#56 C:\xampp\htdocs\antigaspi2\backend\vendor\laravel\framework\src\Illuminate\Http\Middleware\ValidatePathEncoding.php(26): Illuminate\Pipeline\Pipeline->Illuminate\Pipeline\{closure}(Object(Illuminate\Http\Request))
#57 C:\xampp\htdocs\antigaspi2\backend\vendor\laravel\framework\src\Illuminate\Pipeline\Pipeline.php(219): Illuminate\Http\Middleware\ValidatePathEncoding->handle(Object(Illuminate\Http\Request), Object(Closure))
#58 C:\xampp\htdocs\antigaspi2\backend\vendor\laravel\framework\src\Illuminate\Pipeline\Pipeline.php(137): Illuminate\Pipeline\Pipeline->Illuminate\Pipeline\{closure}(Object(Illuminate\Http\Request))
#59 C:\xampp\htdocs\antigaspi2\backend\vendor\laravel\framework\src\Illuminate\Foundation\Http\Kernel.php(175): Illuminate\Pipeline\Pipeline->then(Object(Closure))
#60 C:\xampp\htdocs\antigaspi2\backend\vendor\laravel\framework\src\Illuminate\Foundation\Http\Kernel.php(144): Illuminate\Foundation\Http\Kernel->sendRequestThroughRouter(Object(Illuminate\Http\Request))
#61 C:\xampp\htdocs\antigaspi2\backend\vendor\laravel\framework\src\Illuminate\Foundation\Testing\Concerns\MakesHttpRequests.php(607): Illuminate\Foundation\Http\Kernel->handle(Object(Illuminate\Http\Request))
#62 C:\xampp\htdocs\antigaspi2\backend\vendor\laravel\framework\src\Illuminate\Foundation\Testing\Concerns\MakesHttpRequests.php(573): Illuminate\Foundation\Testing\TestCase->call('POST', '/api/notificati...', Array, Array, Array, Array, '{"endpoint":"ht...')
#63 C:\xampp\htdocs\antigaspi2\backend\vendor\laravel\framework\src\Illuminate\Foundation\Testing\Concerns\MakesHttpRequests.php(411): Illuminate\Foundation\Testing\TestCase->json('POST', '/api/notificati...', Array, Array, 0)
#64 C:\xampp\htdocs\antigaspi2\backend\tests\Feature\NotificationControllerTest.php(71): Illuminate\Foundation\Testing\TestCase->postJson('/api/notificati...', Array)
#65 C:\xampp\htdocs\antigaspi2\backend\vendor\phpunit\phpunit\src\Framework\TestCase.php(1657): Tests\Feature\NotificationControllerTest->test_user_can_manage_push_subscriptions()
#66 C:\xampp\htdocs\antigaspi2\backend\vendor\phpunit\phpunit\src\Framework\TestCase.php(515): PHPUnit\Framework\TestCase->runTest()
#67 C:\xampp\htdocs\antigaspi2\backend\vendor\phpunit\phpunit\src\Framework\TestRunner\TestRunner.php(87): PHPUnit\Framework\TestCase->runBare()
#68 C:\xampp\htdocs\antigaspi2\backend\vendor\phpunit\phpunit\src\Framework\TestCase.php(361): PHPUnit\Framework\TestRunner->run(Object(Tests\Feature\NotificationControllerTest))
#69 C:\xampp\htdocs\antigaspi2\backend\vendor\phpunit\phpunit\src\Framework\TestSuite.php(369): PHPUnit\Framework\TestCase->run()
#70 C:\xampp\htdocs\antigaspi2\backend\vendor\phpunit\phpunit\src\Framework\TestSuite.php(369): PHPUnit\Framework\TestSuite->run()
#71 C:\xampp\htdocs\antigaspi2\backend\vendor\phpunit\phpunit\src\Framework\TestSuite.php(369): PHPUnit\Framework\TestSuite->run()
#72 C:\xampp\htdocs\antigaspi2\backend\vendor\phpunit\phpunit\src\TextUI\TestRunner.php(64): PHPUnit\Framework\TestSuite->run()
#73 C:\xampp\htdocs\antigaspi2\backend\vendor\phpunit\phpunit\src\TextUI\Application.php(211): PHPUnit\TextUI\TestRunner->run(Object(PHPUnit\TextUI\Configuration\Configuration), Object(PHPUnit\Runner\ResultCache\DefaultResultCache), Object(PHPUnit\Framework\TestSuite))
#74 C:\xampp\htdocs\antigaspi2\backend\vendor\phpunit\phpunit\phpunit(104): PHPUnit\TextUI\Application->run(Array)
#75 {main}

Next Illuminate\Database\QueryException: SQLSTATE[HY000]: General error: 1 no such table: push_subscriptions (Connection: sqlite, SQL: select * from "push_subscriptions" where ("endpoint" = https://example.com/push/68f0bb130167c) limit 1) in C:\xampp\htdocs\antigaspi2\backend\vendor\laravel\framework\src\Illuminate\Database\Connection.php:824
Stack trace:
#0 C:\xampp\htdocs\antigaspi2\backend\vendor\laravel\framework\src\Illuminate\Database\Connection.php(778): Illuminate\Database\Connection->runQueryCallback('select * from "...', Array, Object(Closure))
#1 C:\xampp\htdocs\antigaspi2\backend\vendor\laravel\framework\src\Illuminate\Database\Connection.php(397): Illuminate\Database\Connection->run('select * from "...', Array, Object(Closure))
#2 C:\xampp\htdocs\antigaspi2\backend\vendor\laravel\framework\src\Illuminate\Database\Query\Builder.php(3188): Illuminate\Database\Connection->select('select * from "...', Array, true)
#3 C:\xampp\htdocs\antigaspi2\backend\vendor\laravel\framework\src\Illuminate\Database\Query\Builder.php(3173): Illuminate\Database\Query\Builder->runSelect()
#4 C:\xampp\htdocs\antigaspi2\backend\vendor\laravel\framework\src\Illuminate\Database\Query\Builder.php(3763): Illuminate\Database\Query\Builder->Illuminate\Database\Query\{closure}()
#5 C:\xampp\htdocs\antigaspi2\backend\vendor\laravel\framework\src\Illuminate\Database\Query\Builder.php(3172): Illuminate\Database\Query\Builder->onceWithColumns(Array, Object(Closure))
#6 C:\xampp\htdocs\antigaspi2\backend\vendor\laravel\framework\src\Illuminate\Database\Eloquent\Builder.php(902): Illuminate\Database\Query\Builder->get(Array)
#7 C:\xampp\htdocs\antigaspi2\backend\vendor\laravel\framework\src\Illuminate\Database\Eloquent\Builder.php(884): Illuminate\Database\Eloquent\Builder->getModels(Array)
#8 C:\xampp\htdocs\antigaspi2\backend\vendor\laravel\framework\src\Illuminate\Database\Concerns\BuildsQueries.php(366): Illuminate\Database\Eloquent\Builder->get(Array)
#9 C:\xampp\htdocs\antigaspi2\backend\vendor\laravel\framework\src\Illuminate\Database\Eloquent\Builder.php(708): Illuminate\Database\Eloquent\Builder->first()
#10 C:\xampp\htdocs\antigaspi2\backend\vendor\laravel\framework\src\Illuminate\Database\Eloquent\Builder.php(740): Illuminate\Database\Eloquent\Builder->firstOrCreate(Array, Array)
#11 C:\xampp\htdocs\antigaspi2\backend\vendor\laravel\framework\src\Illuminate\Support\Traits\ForwardsCalls.php(23): Illuminate\Database\Eloquent\Builder->updateOrCreate(Array, Array)
#12 C:\xampp\htdocs\antigaspi2\backend\vendor\laravel\framework\src\Illuminate\Database\Eloquent\Model.php(2540): Illuminate\Database\Eloquent\Model->forwardCallTo(Object(Illuminate\Database\Eloquent\Builder), 'updateOrCreate', Array)
#13 C:\xampp\htdocs\antigaspi2\backend\vendor\laravel\framework\src\Illuminate\Database\Eloquent\Model.php(2556): Illuminate\Database\Eloquent\Model->__call('updateOrCreate', Array)
#14 C:\xampp\htdocs\antigaspi2\backend\app\Services\PushSubscriptionService.php(17): Illuminate\Database\Eloquent\Model::__callStatic('updateOrCreate', Array)
#15 C:\xampp\htdocs\antigaspi2\backend\app\Http\Controllers\Api\NotificationController.php(84): App\Services\PushSubscriptionService->subscribe(Object(App\Models\User), Array)
#16 C:\xampp\htdocs\antigaspi2\backend\vendor\laravel\framework\src\Illuminate\Routing\ControllerDispatcher.php(46): App\Http\Controllers\Api\NotificationController->subscribe(Object(Illuminate\Http\Request))
#17 C:\xampp\htdocs\antigaspi2\backend\vendor\laravel\framework\src\Illuminate\Routing\Route.php(265): Illuminate\Routing\ControllerDispatcher->dispatch(Object(Illuminate\Routing\Route), Object(App\Http\Controllers\Api\NotificationController), 'subscribe')
#18 C:\xampp\htdocs\antigaspi2\backend\vendor\laravel\framework\src\Illuminate\Routing\Route.php(211): Illuminate\Routing\Route->runController()
#19 C:\xampp\htdocs\antigaspi2\backend\vendor\laravel\framework\src\Illuminate\Routing\Router.php(822): Illuminate\Routing\Route->run()
#20 C:\xampp\htdocs\antigaspi2\backend\vendor\laravel\framework\src\Illuminate\Pipeline\Pipeline.php(180): Illuminate\Routing\Router->Illuminate\Routing\{closure}(Object(Illuminate\Http\Request))
#21 C:\xampp\htdocs\antigaspi2\backend\vendor\tymon\jwt-auth\src\Http\Middleware\Authenticate.php(32): Illuminate\Pipeline\Pipeline->Illuminate\Pipeline\{closure}(Object(Illuminate\Http\Request))
#22 C:\xampp\htdocs\antigaspi2\backend\vendor\laravel\framework\src\Illuminate\Pipeline\Pipeline.php(219): Tymon\JWTAuth\Http\Middleware\Authenticate->handle(Object(Illuminate\Http\Request), Object(Closure))
#23 C:\xampp\htdocs\antigaspi2\backend\vendor\laravel\framework\src\Illuminate\Routing\Middleware\SubstituteBindings.php(50): Illuminate\Pipeline\Pipeline->Illuminate\Pipeline\{closure}(Object(Illuminate\Http\Request))
#24 C:\xampp\htdocs\antigaspi2\backend\vendor\laravel\framework\src\Illuminate\Pipeline\Pipeline.php(219): Illuminate\Routing\Middleware\SubstituteBindings->handle(Object(Illuminate\Http\Request), Object(Closure))
#25 C:\xampp\htdocs\antigaspi2\backend\vendor\laravel\framework\src\Illuminate\Routing\Middleware\ThrottleRequests.php(160): Illuminate\Pipeline\Pipeline->Illuminate\Pipeline\{closure}(Object(Illuminate\Http\Request))
#26 C:\xampp\htdocs\antigaspi2\backend\vendor\laravel\framework\src\Illuminate\Routing\Middleware\ThrottleRequests.php(126): Illuminate\Routing\Middleware\ThrottleRequests->handleRequest(Object(Illuminate\Http\Request), Object(Closure), Array)
#27 C:\xampp\htdocs\antigaspi2\backend\vendor\laravel\framework\src\Illuminate\Routing\Middleware\ThrottleRequests.php(88): Illuminate\Routing\Middleware\ThrottleRequests->handleRequestUsingNamedLimiter(Object(Illuminate\Http\Request), Object(Closure), 'api', Object(Closure))
#28 C:\xampp\htdocs\antigaspi2\backend\vendor\laravel\framework\src\Illuminate\Pipeline\Pipeline.php(219): Illuminate\Routing\Middleware\ThrottleRequests->handle(Object(Illuminate\Http\Request), Object(Closure), 'api')
#29 C:\xampp\htdocs\antigaspi2\backend\vendor\laravel\framework\src\Illuminate\Http\Middleware\HandleCors.php(61): Illuminate\Pipeline\Pipeline->Illuminate\Pipeline\{closure}(Object(Illuminate\Http\Request))
#30 C:\xampp\htdocs\antigaspi2\backend\vendor\laravel\framework\src\Illuminate\Pipeline\Pipeline.php(219): Illuminate\Http\Middleware\HandleCors->handle(Object(Illuminate\Http\Request), Object(Closure))
#31 C:\xampp\htdocs\antigaspi2\backend\vendor\laravel\framework\src\Illuminate\Pipeline\Pipeline.php(137): Illuminate\Pipeline\Pipeline->Illuminate\Pipeline\{closure}(Object(Illuminate\Http\Request))
#32 C:\xampp\htdocs\antigaspi2\backend\vendor\laravel\framework\src\Illuminate\Routing\Router.php(821): Illuminate\Pipeline\Pipeline->then(Object(Closure))
#33 C:\xampp\htdocs\antigaspi2\backend\vendor\laravel\framework\src\Illuminate\Routing\Router.php(800): Illuminate\Routing\Router->runRouteWithinStack(Object(Illuminate\Routing\Route), Object(Illuminate\Http\Request))
#34 C:\xampp\htdocs\antigaspi2\backend\vendor\laravel\framework\src\Illuminate\Routing\Router.php(764): Illuminate\Routing\Router->runRoute(Object(Illuminate\Http\Request), Object(Illuminate\Routing\Route))
#35 C:\xampp\htdocs\antigaspi2\backend\vendor\laravel\framework\src\Illuminate\Routing\Router.php(753): Illuminate\Routing\Router->dispatchToRoute(Object(Illuminate\Http\Request))
#36 C:\xampp\htdocs\antigaspi2\backend\vendor\laravel\framework\src\Illuminate\Foundation\Http\Kernel.php(200): Illuminate\Routing\Router->dispatch(Object(Illuminate\Http\Request))
#37 C:\xampp\htdocs\antigaspi2\backend\vendor\laravel\framework\src\Illuminate\Pipeline\Pipeline.php(180): Illuminate\Foundation\Http\Kernel->Illuminate\Foundation\Http\{closure}(Object(Illuminate\Http\Request))
#38 C:\xampp\htdocs\antigaspi2\backend\vendor\laravel\framework\src\Illuminate\Foundation\Http\Middleware\TransformsRequest.php(21): Illuminate\Pipeline\Pipeline->Illuminate\Pipeline\{closure}(Object(Illuminate\Http\Request))
#39 C:\xampp\htdocs\antigaspi2\backend\vendor\laravel\framework\src\Illuminate\Foundation\Http\Middleware\ConvertEmptyStringsToNull.php(31): Illuminate\Foundation\Http\Middleware\TransformsRequest->handle(Object(Illuminate\Http\Request), Object(Closure))
#40 C:\xampp\htdocs\antigaspi2\backend\vendor\laravel\framework\src\Illuminate\Pipeline\Pipeline.php(219): Illuminate\Foundation\Http\Middleware\ConvertEmptyStringsToNull->handle(Object(Illuminate\Http\Request), Object(Closure))
#41 C:\xampp\htdocs\antigaspi2\backend\vendor\laravel\framework\src\Illuminate\Foundation\Http\Middleware\TransformsRequest.php(21): Illuminate\Pipeline\Pipeline->Illuminate\Pipeline\{closure}(Object(Illuminate\Http\Request))
#42 C:\xampp\htdocs\antigaspi2\backend\vendor\laravel\framework\src\Illuminate\Foundation\Http\Middleware\TrimStrings.php(51): Illuminate\Foundation\Http\Middleware\TransformsRequest->handle(Object(Illuminate\Http\Request), Object(Closure))
#43 C:\xampp\htdocs\antigaspi2\backend\vendor\laravel\framework\src\Illuminate\Pipeline\Pipeline.php(219): Illuminate\Foundation\Http\Middleware\TrimStrings->handle(Object(Illuminate\Http\Request), Object(Closure))
#44 C:\xampp\htdocs\antigaspi2\backend\vendor\laravel\framework\src\Illuminate\Http\Middleware\ValidatePostSize.php(27): Illuminate\Pipeline\Pipeline->Illuminate\Pipeline\{closure}(Object(Illuminate\Http\Request))
#45 C:\xampp\htdocs\antigaspi2\backend\vendor\laravel\framework\src\Illuminate\Pipeline\Pipeline.php(219): Illuminate\Http\Middleware\ValidatePostSize->handle(Object(Illuminate\Http\Request), Object(Closure))
#46 C:\xampp\htdocs\antigaspi2\backend\vendor\laravel\framework\src\Illuminate\Foundation\Http\Middleware\PreventRequestsDuringMaintenance.php(109): Illuminate\Pipeline\Pipeline->Illuminate\Pipeline\{closure}(Object(Illuminate\Http\Request))
#47 C:\xampp\htdocs\antigaspi2\backend\vendor\laravel\framework\src\Illuminate\Pipeline\Pipeline.php(219): Illuminate\Foundation\Http\Middleware\PreventRequestsDuringMaintenance->handle(Object(Illuminate\Http\Request), Object(Closure))
#48 C:\xampp\htdocs\antigaspi2\backend\vendor\laravel\framework\src\Illuminate\Http\Middleware\HandleCors.php(61): Illuminate\Pipeline\Pipeline->Illuminate\Pipeline\{closure}(Object(Illuminate\Http\Request))
#49 C:\xampp\htdocs\antigaspi2\backend\vendor\laravel\framework\src\Illuminate\Pipeline\Pipeline.php(219): Illuminate\Http\Middleware\HandleCors->handle(Object(Illuminate\Http\Request), Object(Closure))
#50 C:\xampp\htdocs\antigaspi2\backend\vendor\laravel\framework\src\Illuminate\Http\Middleware\TrustProxies.php(58): Illuminate\Pipeline\Pipeline->Illuminate\Pipeline\{closure}(Object(Illuminate\Http\Request))
#51 C:\xampp\htdocs\antigaspi2\backend\vendor\laravel\framework\src\Illuminate\Pipeline\Pipeline.php(219): Illuminate\Http\Middleware\TrustProxies->handle(Object(Illuminate\Http\Request), Object(Closure))
#52 C:\xampp\htdocs\antigaspi2\backend\vendor\laravel\framework\src\Illuminate\Foundation\Http\Middleware\InvokeDeferredCallbacks.php(22): Illuminate\Pipeline\Pipeline->Illuminate\Pipeline\{closure}(Object(Illuminate\Http\Request))
#53 C:\xampp\htdocs\antigaspi2\backend\vendor\laravel\framework\src\Illuminate\Pipeline\Pipeline.php(219): Illuminate\Foundation\Http\Middleware\InvokeDeferredCallbacks->handle(Object(Illuminate\Http\Request), Object(Closure))
#54 C:\xampp\htdocs\antigaspi2\backend\vendor\laravel\framework\src\Illuminate\Http\Middleware\ValidatePathEncoding.php(26): Illuminate\Pipeline\Pipeline->Illuminate\Pipeline\{closure}(Object(Illuminate\Http\Request))
#55 C:\xampp\htdocs\antigaspi2\backend\vendor\laravel\framework\src\Illuminate\Pipeline\Pipeline.php(219): Illuminate\Http\Middleware\ValidatePathEncoding->handle(Object(Illuminate\Http\Request), Object(Closure))
#56 C:\xampp\htdocs\antigaspi2\backend\vendor\laravel\framework\src\Illuminate\Pipeline\Pipeline.php(137): Illuminate\Pipeline\Pipeline->Illuminate\Pipeline\{closure}(Object(Illuminate\Http\Request))
#57 C:\xampp\htdocs\antigaspi2\backend\vendor\laravel\framework\src\Illuminate\Foundation\Http\Kernel.php(175): Illuminate\Pipeline\Pipeline->then(Object(Closure))
#58 C:\xampp\htdocs\antigaspi2\backend\vendor\laravel\framework\src\Illuminate\Foundation\Http\Kernel.php(144): Illuminate\Foundation\Http\Kernel->sendRequestThroughRouter(Object(Illuminate\Http\Request))
#59 C:\xampp\htdocs\antigaspi2\backend\vendor\laravel\framework\src\Illuminate\Foundation\Testing\Concerns\MakesHttpRequests.php(607): Illuminate\Foundation\Http\Kernel->handle(Object(Illuminate\Http\Request))
#60 C:\xampp\htdocs\antigaspi2\backend\vendor\laravel\framework\src\Illuminate\Foundation\Testing\Concerns\MakesHttpRequests.php(573): Illuminate\Foundation\Testing\TestCase->call('POST', '/api/notificati...', Array, Array, Array, Array, '{"endpoint":"ht...')
#61 C:\xampp\htdocs\antigaspi2\backend\vendor\laravel\framework\src\Illuminate\Foundation\Testing\Concerns\MakesHttpRequests.php(411): Illuminate\Foundation\Testing\TestCase->json('POST', '/api/notificati...', Array, Array, 0)
#62 C:\xampp\htdocs\antigaspi2\backend\tests\Feature\NotificationControllerTest.php(71): Illuminate\Foundation\Testing\TestCase->postJson('/api/notificati...', Array)
#63 C:\xampp\htdocs\antigaspi2\backend\vendor\phpunit\phpunit\src\Framework\TestCase.php(1657): Tests\Feature\NotificationControllerTest->test_user_can_manage_push_subscriptions()
#64 C:\xampp\htdocs\antigaspi2\backend\vendor\phpunit\phpunit\src\Framework\TestCase.php(515): PHPUnit\Framework\TestCase->runTest()
#65 C:\xampp\htdocs\antigaspi2\backend\vendor\phpunit\phpunit\src\Framework\TestRunner\TestRunner.php(87): PHPUnit\Framework\TestCase->runBare()
#66 C:\xampp\htdocs\antigaspi2\backend\vendor\phpunit\phpunit\src\Framework\TestCase.php(361): PHPUnit\Framework\TestRunner->run(Object(Tests\Feature\NotificationControllerTest))
#67 C:\xampp\htdocs\antigaspi2\backend\vendor\phpunit\phpunit\src\Framework\TestSuite.php(369): PHPUnit\Framework\TestCase->run()
#68 C:\xampp\htdocs\antigaspi2\backend\vendor\phpunit\phpunit\src\Framework\TestSuite.php(369): PHPUnit\Framework\TestSuite->run()
#69 C:\xampp\htdocs\antigaspi2\backend\vendor\phpunit\phpunit\src\Framework\TestSuite.php(369): PHPUnit\Framework\TestSuite->run()
#70 C:\xampp\htdocs\antigaspi2\backend\vendor\phpunit\phpunit\src\TextUI\TestRunner.php(64): PHPUnit\Framework\TestSuite->run()
#71 C:\xampp\htdocs\antigaspi2\backend\vendor\phpunit\phpunit\src\TextUI\Application.php(211): PHPUnit\TextUI\TestRunner->run(Object(PHPUnit\TextUI\Configuration\Configuration), Object(PHPUnit\Runner\ResultCache\DefaultResultCache), Object(PHPUnit\Framework\TestSuite))
#72 C:\xampp\htdocs\antigaspi2\backend\vendor\phpunit\phpunit\phpunit(104): PHPUnit\TextUI\Application->run(Array)
#73 {main}

----------------------------------------------------------------------------------

SQLSTATE[HY000]: General error: 1 no such table: push_subscriptions (Connection: sqlite, SQL: select * from "push_subscriptions" where ("endpoint" = https://example.com/push/68f0bb130167c) limit 1)[39;22m

  at [32mtests\Feature\NotificationControllerTest.php[39m:[32m78[39m
     74▕             'auth_token' => 'auth-token',
     75▕             'content_encoding' => 'aes128gcm',
     76▕         ]);
     77▕ 
  ➜  78▕         $subscribeResponse->assertCreated()->assertJson(['success' => true]);
     79▕         $this->assertDatabaseHas('push_subscriptions', [
     80▕             'user_id' => $user->id,
     81▕             'endpoint' => $endpoint,
     82▕         ]);

  [31m────────────────────────────────────────────────────────────────────────────────────────────────────────────────────[39m  
  [41;1m FAILED [49;22m [1mTests\Feature\NotificationDispatchTest[22m [90m>[39m creating surprise basket notifies opted in consumers                
[39;1m  Expected response status code [201] but received 500.
Failed asserting that 500 is identical to 201.

The following exception occurred during the last request:

PDOException: SQLSTATE[HY000]: General error: 1 table products has no column named surprise_description in C:\xampp\htdocs\antigaspi2\backend\vendor\laravel\framework\src\Illuminate\Database\Connection.php:564
Stack trace:
#0 C:\xampp\htdocs\antigaspi2\backend\vendor\laravel\framework\src\Illuminate\Database\Connection.php(564): PDO->prepare('insert into "pr...')
#1 C:\xampp\htdocs\antigaspi2\backend\vendor\laravel\framework\src\Illuminate\Database\Connection.php(811): Illuminate\Database\Connection->Illuminate\Database\{closure}('insert into "pr...', Array)
#2 C:\xampp\htdocs\antigaspi2\backend\vendor\laravel\framework\src\Illuminate\Database\Connection.php(778): Illuminate\Database\Connection->runQueryCallback('insert into "pr...', Array, Object(Closure))
#3 C:\xampp\htdocs\antigaspi2\backend\vendor\laravel\framework\src\Illuminate\Database\Connection.php(559): Illuminate\Database\Connection->run('insert into "pr...', Array, Object(Closure))
#4 C:\xampp\htdocs\antigaspi2\backend\vendor\laravel\framework\src\Illuminate\Database\Connection.php(523): Illuminate\Database\Connection->statement('insert into "pr...', Array)
#5 C:\xampp\htdocs\antigaspi2\backend\vendor\laravel\framework\src\Illuminate\Database\Query\Processors\Processor.php(32): Illuminate\Database\Connection->insert('insert into "pr...', Array)
#6 C:\xampp\htdocs\antigaspi2\backend\vendor\laravel\framework\src\Illuminate\Database\Query\Builder.php(3853): Illuminate\Database\Query\Processors\Processor->processInsertGetId(Object(Illuminate\Database\Query\Builder), 'insert into "pr...', Array, 'id')
#7 C:\xampp\htdocs\antigaspi2\backend\vendor\laravel\framework\src\Illuminate\Database\Eloquent\Builder.php(2235): Illuminate\Database\Query\Builder->insertGetId(Array, 'id')
#8 C:\xampp\htdocs\antigaspi2\backend\vendor\laravel\framework\src\Illuminate\Database\Eloquent\Model.php(1436): Illuminate\Database\Eloquent\Builder->__call('insertGetId', Array)
#9 C:\xampp\htdocs\antigaspi2\backend\vendor\laravel\framework\src\Illuminate\Database\Eloquent\Model.php(1401): Illuminate\Database\Eloquent\Model->insertAndSetId(Object(Illuminate\Database\Eloquent\Builder), Array)
#10 C:\xampp\htdocs\antigaspi2\backend\vendor\laravel\framework\src\Illuminate\Database\Eloquent\Model.php(1240): Illuminate\Database\Eloquent\Model->performInsert(Object(Illuminate\Database\Eloquent\Builder))
#11 C:\xampp\htdocs\antigaspi2\backend\vendor\laravel\framework\src\Illuminate\Database\Eloquent\Builder.php(1219): Illuminate\Database\Eloquent\Model->save()
#12 C:\xampp\htdocs\antigaspi2\backend\vendor\laravel\framework\src\Illuminate\Support\helpers.php(390): Illuminate\Database\Eloquent\Builder->Illuminate\Database\Eloquent\{closure}(Object(App\Models\Product))
#13 C:\xampp\htdocs\antigaspi2\backend\vendor\laravel\framework\src\Illuminate\Database\Eloquent\Builder.php(1218): tap(Object(App\Models\Product), Object(Closure))
#14 C:\xampp\htdocs\antigaspi2\backend\vendor\laravel\framework\src\Illuminate\Support\Traits\ForwardsCalls.php(23): Illuminate\Database\Eloquent\Builder->create(Array)
#15 C:\xampp\htdocs\antigaspi2\backend\vendor\laravel\framework\src\Illuminate\Database\Eloquent\Model.php(2540): Illuminate\Database\Eloquent\Model->forwardCallTo(Object(Illuminate\Database\Eloquent\Builder), 'create', Array)
#16 C:\xampp\htdocs\antigaspi2\backend\vendor\laravel\framework\src\Illuminate\Database\Eloquent\Model.php(2556): Illuminate\Database\Eloquent\Model->__call('create', Array)
#17 C:\xampp\htdocs\antigaspi2\backend\app\Http\Controllers\Api\SurpriseBasketController.php(133): Illuminate\Database\Eloquent\Model::__callStatic('create', Array)
#18 C:\xampp\htdocs\antigaspi2\backend\vendor\laravel\framework\src\Illuminate\Routing\ControllerDispatcher.php(46): App\Http\Controllers\Api\SurpriseBasketController->store(Object(Illuminate\Http\Request))
#19 C:\xampp\htdocs\antigaspi2\backend\vendor\laravel\framework\src\Illuminate\Routing\Route.php(265): Illuminate\Routing\ControllerDispatcher->dispatch(Object(Illuminate\Routing\Route), Object(App\Http\Controllers\Api\SurpriseBasketController), 'store')
#20 C:\xampp\htdocs\antigaspi2\backend\vendor\laravel\framework\src\Illuminate\Routing\Route.php(211): Illuminate\Routing\Route->runController()
#21 C:\xampp\htdocs\antigaspi2\backend\vendor\laravel\framework\src\Illuminate\Routing\Router.php(822): Illuminate\Routing\Route->run()
#22 C:\xampp\htdocs\antigaspi2\backend\vendor\laravel\framework\src\Illuminate\Pipeline\Pipeline.php(180): Illuminate\Routing\Router->Illuminate\Routing\{closure}(Object(Illuminate\Http\Request))
#23 C:\xampp\htdocs\antigaspi2\backend\vendor\tymon\jwt-auth\src\Http\Middleware\Authenticate.php(32): Illuminate\Pipeline\Pipeline->Illuminate\Pipeline\{closure}(Object(Illuminate\Http\Request))
#24 C:\xampp\htdocs\antigaspi2\backend\vendor\laravel\framework\src\Illuminate\Pipeline\Pipeline.php(219): Tymon\JWTAuth\Http\Middleware\Authenticate->handle(Object(Illuminate\Http\Request), Object(Closure))
#25 C:\xampp\htdocs\antigaspi2\backend\vendor\laravel\framework\src\Illuminate\Routing\Middleware\SubstituteBindings.php(50): Illuminate\Pipeline\Pipeline->Illuminate\Pipeline\{closure}(Object(Illuminate\Http\Request))
#26 C:\xampp\htdocs\antigaspi2\backend\vendor\laravel\framework\src\Illuminate\Pipeline\Pipeline.php(219): Illuminate\Routing\Middleware\SubstituteBindings->handle(Object(Illuminate\Http\Request), Object(Closure))
#27 C:\xampp\htdocs\antigaspi2\backend\vendor\laravel\framework\src\Illuminate\Routing\Middleware\ThrottleRequests.php(160): Illuminate\Pipeline\Pipeline->Illuminate\Pipeline\{closure}(Object(Illuminate\Http\Request))
#28 C:\xampp\htdocs\antigaspi2\backend\vendor\laravel\framework\src\Illuminate\Routing\Middleware\ThrottleRequests.php(126): Illuminate\Routing\Middleware\ThrottleRequests->handleRequest(Object(Illuminate\Http\Request), Object(Closure), Array)
#29 C:\xampp\htdocs\antigaspi2\backend\vendor\laravel\framework\src\Illuminate\Routing\Middleware\ThrottleRequests.php(88): Illuminate\Routing\Middleware\ThrottleRequests->handleRequestUsingNamedLimiter(Object(Illuminate\Http\Request), Object(Closure), 'write', Object(Closure))
#30 C:\xampp\htdocs\antigaspi2\backend\vendor\laravel\framework\src\Illuminate\Pipeline\Pipeline.php(219): Illuminate\Routing\Middleware\ThrottleRequests->handle(Object(Illuminate\Http\Request), Object(Closure), 'write')
#31 C:\xampp\htdocs\antigaspi2\backend\vendor\laravel\framework\src\Illuminate\Routing\Middleware\ThrottleRequests.php(160): Illuminate\Pipeline\Pipeline->Illuminate\Pipeline\{closure}(Object(Illuminate\Http\Request))
#32 C:\xampp\htdocs\antigaspi2\backend\vendor\laravel\framework\src\Illuminate\Routing\Middleware\ThrottleRequests.php(126): Illuminate\Routing\Middleware\ThrottleRequests->handleRequest(Object(Illuminate\Http\Request), Object(Closure), Array)
#33 C:\xampp\htdocs\antigaspi2\backend\vendor\laravel\framework\src\Illuminate\Routing\Middleware\ThrottleRequests.php(88): Illuminate\Routing\Middleware\ThrottleRequests->handleRequestUsingNamedLimiter(Object(Illuminate\Http\Request), Object(Closure), 'search', Object(Closure))
#34 C:\xampp\htdocs\antigaspi2\backend\vendor\laravel\framework\src\Illuminate\Pipeline\Pipeline.php(219): Illuminate\Routing\Middleware\ThrottleRequests->handle(Object(Illuminate\Http\Request), Object(Closure), 'search')
#35 C:\xampp\htdocs\antigaspi2\backend\vendor\laravel\framework\src\Illuminate\Routing\Middleware\ThrottleRequests.php(160): Illuminate\Pipeline\Pipeline->Illuminate\Pipeline\{closure}(Object(Illuminate\Http\Request))
#36 C:\xampp\htdocs\antigaspi2\backend\vendor\laravel\framework\src\Illuminate\Routing\Middleware\ThrottleRequests.php(126): Illuminate\Routing\Middleware\ThrottleRequests->handleRequest(Object(Illuminate\Http\Request), Object(Closure), Array)
#37 C:\xampp\htdocs\antigaspi2\backend\vendor\laravel\framework\src\Illuminate\Routing\Middleware\ThrottleRequests.php(88): Illuminate\Routing\Middleware\ThrottleRequests->handleRequestUsingNamedLimiter(Object(Illuminate\Http\Request), Object(Closure), 'api', Object(Closure))
#38 C:\xampp\htdocs\antigaspi2\backend\vendor\laravel\framework\src\Illuminate\Pipeline\Pipeline.php(219): Illuminate\Routing\Middleware\ThrottleRequests->handle(Object(Illuminate\Http\Request), Object(Closure), 'api')
#39 C:\xampp\htdocs\antigaspi2\backend\vendor\laravel\framework\src\Illuminate\Http\Middleware\HandleCors.php(61): Illuminate\Pipeline\Pipeline->Illuminate\Pipeline\{closure}(Object(Illuminate\Http\Request))
#40 C:\xampp\htdocs\antigaspi2\backend\vendor\laravel\framework\src\Illuminate\Pipeline\Pipeline.php(219): Illuminate\Http\Middleware\HandleCors->handle(Object(Illuminate\Http\Request), Object(Closure))
#41 C:\xampp\htdocs\antigaspi2\backend\vendor\laravel\framework\src\Illuminate\Pipeline\Pipeline.php(137): Illuminate\Pipeline\Pipeline->Illuminate\Pipeline\{closure}(Object(Illuminate\Http\Request))
#42 C:\xampp\htdocs\antigaspi2\backend\vendor\laravel\framework\src\Illuminate\Routing\Router.php(821): Illuminate\Pipeline\Pipeline->then(Object(Closure))
#43 C:\xampp\htdocs\antigaspi2\backend\vendor\laravel\framework\src\Illuminate\Routing\Router.php(800): Illuminate\Routing\Router->runRouteWithinStack(Object(Illuminate\Routing\Route), Object(Illuminate\Http\Request))
#44 C:\xampp\htdocs\antigaspi2\backend\vendor\laravel\framework\src\Illuminate\Routing\Router.php(764): Illuminate\Routing\Router->runRoute(Object(Illuminate\Http\Request), Object(Illuminate\Routing\Route))
#45 C:\xampp\htdocs\antigaspi2\backend\vendor\laravel\framework\src\Illuminate\Routing\Router.php(753): Illuminate\Routing\Router->dispatchToRoute(Object(Illuminate\Http\Request))
#46 C:\xampp\htdocs\antigaspi2\backend\vendor\laravel\framework\src\Illuminate\Foundation\Http\Kernel.php(200): Illuminate\Routing\Router->dispatch(Object(Illuminate\Http\Request))
#47 C:\xampp\htdocs\antigaspi2\backend\vendor\laravel\framework\src\Illuminate\Pipeline\Pipeline.php(180): Illuminate\Foundation\Http\Kernel->Illuminate\Foundation\Http\{closure}(Object(Illuminate\Http\Request))
#48 C:\xampp\htdocs\antigaspi2\backend\vendor\laravel\framework\src\Illuminate\Foundation\Http\Middleware\TransformsRequest.php(21): Illuminate\Pipeline\Pipeline->Illuminate\Pipeline\{closure}(Object(Illuminate\Http\Request))
#49 C:\xampp\htdocs\antigaspi2\backend\vendor\laravel\framework\src\Illuminate\Foundation\Http\Middleware\ConvertEmptyStringsToNull.php(31): Illuminate\Foundation\Http\Middleware\TransformsRequest->handle(Object(Illuminate\Http\Request), Object(Closure))
#50 C:\xampp\htdocs\antigaspi2\backend\vendor\laravel\framework\src\Illuminate\Pipeline\Pipeline.php(219): Illuminate\Foundation\Http\Middleware\ConvertEmptyStringsToNull->handle(Object(Illuminate\Http\Request), Object(Closure))
#51 C:\xampp\htdocs\antigaspi2\backend\vendor\laravel\framework\src\Illuminate\Foundation\Http\Middleware\TransformsRequest.php(21): Illuminate\Pipeline\Pipeline->Illuminate\Pipeline\{closure}(Object(Illuminate\Http\Request))
#52 C:\xampp\htdocs\antigaspi2\backend\vendor\laravel\framework\src\Illuminate\Foundation\Http\Middleware\TrimStrings.php(51): Illuminate\Foundation\Http\Middleware\TransformsRequest->handle(Object(Illuminate\Http\Request), Object(Closure))
#53 C:\xampp\htdocs\antigaspi2\backend\vendor\laravel\framework\src\Illuminate\Pipeline\Pipeline.php(219): Illuminate\Foundation\Http\Middleware\TrimStrings->handle(Object(Illuminate\Http\Request), Object(Closure))
#54 C:\xampp\htdocs\antigaspi2\backend\vendor\laravel\framework\src\Illuminate\Http\Middleware\ValidatePostSize.php(27): Illuminate\Pipeline\Pipeline->Illuminate\Pipeline\{closure}(Object(Illuminate\Http\Request))
#55 C:\xampp\htdocs\antigaspi2\backend\vendor\laravel\framework\src\Illuminate\Pipeline\Pipeline.php(219): Illuminate\Http\Middleware\ValidatePostSize->handle(Object(Illuminate\Http\Request), Object(Closure))
#56 C:\xampp\htdocs\antigaspi2\backend\vendor\laravel\framework\src\Illuminate\Foundation\Http\Middleware\PreventRequestsDuringMaintenance.php(109): Illuminate\Pipeline\Pipeline->Illuminate\Pipeline\{closure}(Object(Illuminate\Http\Request))
#57 C:\xampp\htdocs\antigaspi2\backend\vendor\laravel\framework\src\Illuminate\Pipeline\Pipeline.php(219): Illuminate\Foundation\Http\Middleware\PreventRequestsDuringMaintenance->handle(Object(Illuminate\Http\Request), Object(Closure))
#58 C:\xampp\htdocs\antigaspi2\backend\vendor\laravel\framework\src\Illuminate\Http\Middleware\HandleCors.php(61): Illuminate\Pipeline\Pipeline->Illuminate\Pipeline\{closure}(Object(Illuminate\Http\Request))
#59 C:\xampp\htdocs\antigaspi2\backend\vendor\laravel\framework\src\Illuminate\Pipeline\Pipeline.php(219): Illuminate\Http\Middleware\HandleCors->handle(Object(Illuminate\Http\Request), Object(Closure))
#60 C:\xampp\htdocs\antigaspi2\backend\vendor\laravel\framework\src\Illuminate\Http\Middleware\TrustProxies.php(58): Illuminate\Pipeline\Pipeline->Illuminate\Pipeline\{closure}(Object(Illuminate\Http\Request))
#61 C:\xampp\htdocs\antigaspi2\backend\vendor\laravel\framework\src\Illuminate\Pipeline\Pipeline.php(219): Illuminate\Http\Middleware\TrustProxies->handle(Object(Illuminate\Http\Request), Object(Closure))
#62 C:\xampp\htdocs\antigaspi2\backend\vendor\laravel\framework\src\Illuminate\Foundation\Http\Middleware\InvokeDeferredCallbacks.php(22): Illuminate\Pipeline\Pipeline->Illuminate\Pipeline\{closure}(Object(Illuminate\Http\Request))
#63 C:\xampp\htdocs\antigaspi2\backend\vendor\laravel\framework\src\Illuminate\Pipeline\Pipeline.php(219): Illuminate\Foundation\Http\Middleware\InvokeDeferredCallbacks->handle(Object(Illuminate\Http\Request), Object(Closure))
#64 C:\xampp\htdocs\antigaspi2\backend\vendor\laravel\framework\src\Illuminate\Http\Middleware\ValidatePathEncoding.php(26): Illuminate\Pipeline\Pipeline->Illuminate\Pipeline\{closure}(Object(Illuminate\Http\Request))
#65 C:\xampp\htdocs\antigaspi2\backend\vendor\laravel\framework\src\Illuminate\Pipeline\Pipeline.php(219): Illuminate\Http\Middleware\ValidatePathEncoding->handle(Object(Illuminate\Http\Request), Object(Closure))
#66 C:\xampp\htdocs\antigaspi2\backend\vendor\laravel\framework\src\Illuminate\Pipeline\Pipeline.php(137): Illuminate\Pipeline\Pipeline->Illuminate\Pipeline\{closure}(Object(Illuminate\Http\Request))
#67 C:\xampp\htdocs\antigaspi2\backend\vendor\laravel\framework\src\Illuminate\Foundation\Http\Kernel.php(175): Illuminate\Pipeline\Pipeline->then(Object(Closure))
#68 C:\xampp\htdocs\antigaspi2\backend\vendor\laravel\framework\src\Illuminate\Foundation\Http\Kernel.php(144): Illuminate\Foundation\Http\Kernel->sendRequestThroughRouter(Object(Illuminate\Http\Request))
#69 C:\xampp\htdocs\antigaspi2\backend\vendor\laravel\framework\src\Illuminate\Foundation\Testing\Concerns\MakesHttpRequests.php(607): Illuminate\Foundation\Http\Kernel->handle(Object(Illuminate\Http\Request))
#70 C:\xampp\htdocs\antigaspi2\backend\vendor\laravel\framework\src\Illuminate\Foundation\Testing\Concerns\MakesHttpRequests.php(573): Illuminate\Foundation\Testing\TestCase->call('POST', '/api/surprise-b...', Array, Array, Array, Array, '{"name":"Panier...')
#71 C:\xampp\htdocs\antigaspi2\backend\vendor\laravel\framework\src\Illuminate\Foundation\Testing\Concerns\MakesHttpRequests.php(411): Illuminate\Foundation\Testing\TestCase->json('POST', '/api/surprise-b...', Array, Array, 0)
#72 C:\xampp\htdocs\antigaspi2\backend\tests\Feature\NotificationDispatchTest.php(91): Illuminate\Foundation\Testing\TestCase->postJson('/api/surprise-b...', Array)
#73 C:\xampp\htdocs\antigaspi2\backend\vendor\phpunit\phpunit\src\Framework\TestCase.php(1657): Tests\Feature\NotificationDispatchTest->test_creating_surprise_basket_notifies_opted_in_consumers()
#74 C:\xampp\htdocs\antigaspi2\backend\vendor\phpunit\phpunit\src\Framework\TestCase.php(515): PHPUnit\Framework\TestCase->runTest()
#75 C:\xampp\htdocs\antigaspi2\backend\vendor\phpunit\phpunit\src\Framework\TestRunner\TestRunner.php(87): PHPUnit\Framework\TestCase->runBare()
#76 C:\xampp\htdocs\antigaspi2\backend\vendor\phpunit\phpunit\src\Framework\TestCase.php(361): PHPUnit\Framework\TestRunner->run(Object(Tests\Feature\NotificationDispatchTest))
#77 C:\xampp\htdocs\antigaspi2\backend\vendor\phpunit\phpunit\src\Framework\TestSuite.php(369): PHPUnit\Framework\TestCase->run()
#78 C:\xampp\htdocs\antigaspi2\backend\vendor\phpunit\phpunit\src\Framework\TestSuite.php(369): PHPUnit\Framework\TestSuite->run()
#79 C:\xampp\htdocs\antigaspi2\backend\vendor\phpunit\phpunit\src\Framework\TestSuite.php(369): PHPUnit\Framework\TestSuite->run()
#80 C:\xampp\htdocs\antigaspi2\backend\vendor\phpunit\phpunit\src\TextUI\TestRunner.php(64): PHPUnit\Framework\TestSuite->run()
#81 C:\xampp\htdocs\antigaspi2\backend\vendor\phpunit\phpunit\src\TextUI\Application.php(211): PHPUnit\TextUI\TestRunner->run(Object(PHPUnit\TextUI\Configuration\Configuration), Object(PHPUnit\Runner\ResultCache\DefaultResultCache), Object(PHPUnit\Framework\TestSuite))
#82 C:\xampp\htdocs\antigaspi2\backend\vendor\phpunit\phpunit\phpunit(104): PHPUnit\TextUI\Application->run(Array)
#83 {main}

Next Illuminate\Database\QueryException: SQLSTATE[HY000]: General error: 1 table products has no column named surprise_description (Connection: sqlite, SQL: insert into "products" ("merchant_id", "category_id", "name", "description", "surprise_description", "original_price", "discounted_price", "quantity_available", "min_items", "max_items", "total_original_value", "expiration_date", "image_url", "is_surprise_basket", "is_active", "updated_at", "created_at") values (1, ?, Panier du jour, Une sélection surprise de produits frais., Inclus fruits et viennoiseries., 41.05, 1500, 3, ?, ?, 41.05, ?, ?, 1, 1, 2025-10-16 09:29:55, 2025-10-16 09:29:55)) in C:\xampp\htdocs\antigaspi2\backend\vendor\laravel\framework\src\Illuminate\Database\Connection.php:824
Stack trace:
#0 C:\xampp\htdocs\antigaspi2\backend\vendor\laravel\framework\src\Illuminate\Database\Connection.php(778): Illuminate\Database\Connection->runQueryCallback('insert into "pr...', Array, Object(Closure))
#1 C:\xampp\htdocs\antigaspi2\backend\vendor\laravel\framework\src\Illuminate\Database\Connection.php(559): Illuminate\Database\Connection->run('insert into "pr...', Array, Object(Closure))
#2 C:\xampp\htdocs\antigaspi2\backend\vendor\laravel\framework\src\Illuminate\Database\Connection.php(523): Illuminate\Database\Connection->statement('insert into "pr...', Array)
#3 C:\xampp\htdocs\antigaspi2\backend\vendor\laravel\framework\src\Illuminate\Database\Query\Processors\Processor.php(32): Illuminate\Database\Connection->insert('insert into "pr...', Array)
#4 C:\xampp\htdocs\antigaspi2\backend\vendor\laravel\framework\src\Illuminate\Database\Query\Builder.php(3853): Illuminate\Database\Query\Processors\Processor->processInsertGetId(Object(Illuminate\Database\Query\Builder), 'insert into "pr...', Array, 'id')
#5 C:\xampp\htdocs\antigaspi2\backend\vendor\laravel\framework\src\Illuminate\Database\Eloquent\Builder.php(2235): Illuminate\Database\Query\Builder->insertGetId(Array, 'id')
#6 C:\xampp\htdocs\antigaspi2\backend\vendor\laravel\framework\src\Illuminate\Database\Eloquent\Model.php(1436): Illuminate\Database\Eloquent\Builder->__call('insertGetId', Array)
#7 C:\xampp\htdocs\antigaspi2\backend\vendor\laravel\framework\src\Illuminate\Database\Eloquent\Model.php(1401): Illuminate\Database\Eloquent\Model->insertAndSetId(Object(Illuminate\Database\Eloquent\Builder), Array)
#8 C:\xampp\htdocs\antigaspi2\backend\vendor\laravel\framework\src\Illuminate\Database\Eloquent\Model.php(1240): Illuminate\Database\Eloquent\Model->performInsert(Object(Illuminate\Database\Eloquent\Builder))
#9 C:\xampp\htdocs\antigaspi2\backend\vendor\laravel\framework\src\Illuminate\Database\Eloquent\Builder.php(1219): Illuminate\Database\Eloquent\Model->save()
#10 C:\xampp\htdocs\antigaspi2\backend\vendor\laravel\framework\src\Illuminate\Support\helpers.php(390): Illuminate\Database\Eloquent\Builder->Illuminate\Database\Eloquent\{closure}(Object(App\Models\Product))
#11 C:\xampp\htdocs\antigaspi2\backend\vendor\laravel\framework\src\Illuminate\Database\Eloquent\Builder.php(1218): tap(Object(App\Models\Product), Object(Closure))
#12 C:\xampp\htdocs\antigaspi2\backend\vendor\laravel\framework\src\Illuminate\Support\Traits\ForwardsCalls.php(23): Illuminate\Database\Eloquent\Builder->create(Array)
#13 C:\xampp\htdocs\antigaspi2\backend\vendor\laravel\framework\src\Illuminate\Database\Eloquent\Model.php(2540): Illuminate\Database\Eloquent\Model->forwardCallTo(Object(Illuminate\Database\Eloquent\Builder), 'create', Array)
#14 C:\xampp\htdocs\antigaspi2\backend\vendor\laravel\framework\src\Illuminate\Database\Eloquent\Model.php(2556): Illuminate\Database\Eloquent\Model->__call('create', Array)
#15 C:\xampp\htdocs\antigaspi2\backend\app\Http\Controllers\Api\SurpriseBasketController.php(133): Illuminate\Database\Eloquent\Model::__callStatic('create', Array)
#16 C:\xampp\htdocs\antigaspi2\backend\vendor\laravel\framework\src\Illuminate\Routing\ControllerDispatcher.php(46): App\Http\Controllers\Api\SurpriseBasketController->store(Object(Illuminate\Http\Request))
#17 C:\xampp\htdocs\antigaspi2\backend\vendor\laravel\framework\src\Illuminate\Routing\Route.php(265): Illuminate\Routing\ControllerDispatcher->dispatch(Object(Illuminate\Routing\Route), Object(App\Http\Controllers\Api\SurpriseBasketController), 'store')
#18 C:\xampp\htdocs\antigaspi2\backend\vendor\laravel\framework\src\Illuminate\Routing\Route.php(211): Illuminate\Routing\Route->runController()
#19 C:\xampp\htdocs\antigaspi2\backend\vendor\laravel\framework\src\Illuminate\Routing\Router.php(822): Illuminate\Routing\Route->run()
#20 C:\xampp\htdocs\antigaspi2\backend\vendor\laravel\framework\src\Illuminate\Pipeline\Pipeline.php(180): Illuminate\Routing\Router->Illuminate\Routing\{closure}(Object(Illuminate\Http\Request))
#21 C:\xampp\htdocs\antigaspi2\backend\vendor\tymon\jwt-auth\src\Http\Middleware\Authenticate.php(32): Illuminate\Pipeline\Pipeline->Illuminate\Pipeline\{closure}(Object(Illuminate\Http\Request))
#22 C:\xampp\htdocs\antigaspi2\backend\vendor\laravel\framework\src\Illuminate\Pipeline\Pipeline.php(219): Tymon\JWTAuth\Http\Middleware\Authenticate->handle(Object(Illuminate\Http\Request), Object(Closure))
#23 C:\xampp\htdocs\antigaspi2\backend\vendor\laravel\framework\src\Illuminate\Routing\Middleware\SubstituteBindings.php(50): Illuminate\Pipeline\Pipeline->Illuminate\Pipeline\{closure}(Object(Illuminate\Http\Request))
#24 C:\xampp\htdocs\antigaspi2\backend\vendor\laravel\framework\src\Illuminate\Pipeline\Pipeline.php(219): Illuminate\Routing\Middleware\SubstituteBindings->handle(Object(Illuminate\Http\Request), Object(Closure))
#25 C:\xampp\htdocs\antigaspi2\backend\vendor\laravel\framework\src\Illuminate\Routing\Middleware\ThrottleRequests.php(160): Illuminate\Pipeline\Pipeline->Illuminate\Pipeline\{closure}(Object(Illuminate\Http\Request))
#26 C:\xampp\htdocs\antigaspi2\backend\vendor\laravel\framework\src\Illuminate\Routing\Middleware\ThrottleRequests.php(126): Illuminate\Routing\Middleware\ThrottleRequests->handleRequest(Object(Illuminate\Http\Request), Object(Closure), Array)
#27 C:\xampp\htdocs\antigaspi2\backend\vendor\laravel\framework\src\Illuminate\Routing\Middleware\ThrottleRequests.php(88): Illuminate\Routing\Middleware\ThrottleRequests->handleRequestUsingNamedLimiter(Object(Illuminate\Http\Request), Object(Closure), 'write', Object(Closure))
#28 C:\xampp\htdocs\antigaspi2\backend\vendor\laravel\framework\src\Illuminate\Pipeline\Pipeline.php(219): Illuminate\Routing\Middleware\ThrottleRequests->handle(Object(Illuminate\Http\Request), Object(Closure), 'write')
#29 C:\xampp\htdocs\antigaspi2\backend\vendor\laravel\framework\src\Illuminate\Routing\Middleware\ThrottleRequests.php(160): Illuminate\Pipeline\Pipeline->Illuminate\Pipeline\{closure}(Object(Illuminate\Http\Request))
#30 C:\xampp\htdocs\antigaspi2\backend\vendor\laravel\framework\src\Illuminate\Routing\Middleware\ThrottleRequests.php(126): Illuminate\Routing\Middleware\ThrottleRequests->handleRequest(Object(Illuminate\Http\Request), Object(Closure), Array)
#31 C:\xampp\htdocs\antigaspi2\backend\vendor\laravel\framework\src\Illuminate\Routing\Middleware\ThrottleRequests.php(88): Illuminate\Routing\Middleware\ThrottleRequests->handleRequestUsingNamedLimiter(Object(Illuminate\Http\Request), Object(Closure), 'search', Object(Closure))
#32 C:\xampp\htdocs\antigaspi2\backend\vendor\laravel\framework\src\Illuminate\Pipeline\Pipeline.php(219): Illuminate\Routing\Middleware\ThrottleRequests->handle(Object(Illuminate\Http\Request), Object(Closure), 'search')
#33 C:\xampp\htdocs\antigaspi2\backend\vendor\laravel\framework\src\Illuminate\Routing\Middleware\ThrottleRequests.php(160): Illuminate\Pipeline\Pipeline->Illuminate\Pipeline\{closure}(Object(Illuminate\Http\Request))
#34 C:\xampp\htdocs\antigaspi2\backend\vendor\laravel\framework\src\Illuminate\Routing\Middleware\ThrottleRequests.php(126): Illuminate\Routing\Middleware\ThrottleRequests->handleRequest(Object(Illuminate\Http\Request), Object(Closure), Array)
#35 C:\xampp\htdocs\antigaspi2\backend\vendor\laravel\framework\src\Illuminate\Routing\Middleware\ThrottleRequests.php(88): Illuminate\Routing\Middleware\ThrottleRequests->handleRequestUsingNamedLimiter(Object(Illuminate\Http\Request), Object(Closure), 'api', Object(Closure))
#36 C:\xampp\htdocs\antigaspi2\backend\vendor\laravel\framework\src\Illuminate\Pipeline\Pipeline.php(219): Illuminate\Routing\Middleware\ThrottleRequests->handle(Object(Illuminate\Http\Request), Object(Closure), 'api')
#37 C:\xampp\htdocs\antigaspi2\backend\vendor\laravel\framework\src\Illuminate\Http\Middleware\HandleCors.php(61): Illuminate\Pipeline\Pipeline->Illuminate\Pipeline\{closure}(Object(Illuminate\Http\Request))
#38 C:\xampp\htdocs\antigaspi2\backend\vendor\laravel\framework\src\Illuminate\Pipeline\Pipeline.php(219): Illuminate\Http\Middleware\HandleCors->handle(Object(Illuminate\Http\Request), Object(Closure))
#39 C:\xampp\htdocs\antigaspi2\backend\vendor\laravel\framework\src\Illuminate\Pipeline\Pipeline.php(137): Illuminate\Pipeline\Pipeline->Illuminate\Pipeline\{closure}(Object(Illuminate\Http\Request))
#40 C:\xampp\htdocs\antigaspi2\backend\vendor\laravel\framework\src\Illuminate\Routing\Router.php(821): Illuminate\Pipeline\Pipeline->then(Object(Closure))
#41 C:\xampp\htdocs\antigaspi2\backend\vendor\laravel\framework\src\Illuminate\Routing\Router.php(800): Illuminate\Routing\Router->runRouteWithinStack(Object(Illuminate\Routing\Route), Object(Illuminate\Http\Request))
#42 C:\xampp\htdocs\antigaspi2\backend\vendor\laravel\framework\src\Illuminate\Routing\Router.php(764): Illuminate\Routing\Router->runRoute(Object(Illuminate\Http\Request), Object(Illuminate\Routing\Route))
#43 C:\xampp\htdocs\antigaspi2\backend\vendor\laravel\framework\src\Illuminate\Routing\Router.php(753): Illuminate\Routing\Router->dispatchToRoute(Object(Illuminate\Http\Request))
#44 C:\xampp\htdocs\antigaspi2\backend\vendor\laravel\framework\src\Illuminate\Foundation\Http\Kernel.php(200): Illuminate\Routing\Router->dispatch(Object(Illuminate\Http\Request))
#45 C:\xampp\htdocs\antigaspi2\backend\vendor\laravel\framework\src\Illuminate\Pipeline\Pipeline.php(180): Illuminate\Foundation\Http\Kernel->Illuminate\Foundation\Http\{closure}(Object(Illuminate\Http\Request))
#46 C:\xampp\htdocs\antigaspi2\backend\vendor\laravel\framework\src\Illuminate\Foundation\Http\Middleware\TransformsRequest.php(21): Illuminate\Pipeline\Pipeline->Illuminate\Pipeline\{closure}(Object(Illuminate\Http\Request))
#47 C:\xampp\htdocs\antigaspi2\backend\vendor\laravel\framework\src\Illuminate\Foundation\Http\Middleware\ConvertEmptyStringsToNull.php(31): Illuminate\Foundation\Http\Middleware\TransformsRequest->handle(Object(Illuminate\Http\Request), Object(Closure))
#48 C:\xampp\htdocs\antigaspi2\backend\vendor\laravel\framework\src\Illuminate\Pipeline\Pipeline.php(219): Illuminate\Foundation\Http\Middleware\ConvertEmptyStringsToNull->handle(Object(Illuminate\Http\Request), Object(Closure))
#49 C:\xampp\htdocs\antigaspi2\backend\vendor\laravel\framework\src\Illuminate\Foundation\Http\Middleware\TransformsRequest.php(21): Illuminate\Pipeline\Pipeline->Illuminate\Pipeline\{closure}(Object(Illuminate\Http\Request))
#50 C:\xampp\htdocs\antigaspi2\backend\vendor\laravel\framework\src\Illuminate\Foundation\Http\Middleware\TrimStrings.php(51): Illuminate\Foundation\Http\Middleware\TransformsRequest->handle(Object(Illuminate\Http\Request), Object(Closure))
#51 C:\xampp\htdocs\antigaspi2\backend\vendor\laravel\framework\src\Illuminate\Pipeline\Pipeline.php(219): Illuminate\Foundation\Http\Middleware\TrimStrings->handle(Object(Illuminate\Http\Request), Object(Closure))
#52 C:\xampp\htdocs\antigaspi2\backend\vendor\laravel\framework\src\Illuminate\Http\Middleware\ValidatePostSize.php(27): Illuminate\Pipeline\Pipeline->Illuminate\Pipeline\{closure}(Object(Illuminate\Http\Request))
#53 C:\xampp\htdocs\antigaspi2\backend\vendor\laravel\framework\src\Illuminate\Pipeline\Pipeline.php(219): Illuminate\Http\Middleware\ValidatePostSize->handle(Object(Illuminate\Http\Request), Object(Closure))
#54 C:\xampp\htdocs\antigaspi2\backend\vendor\laravel\framework\src\Illuminate\Foundation\Http\Middleware\PreventRequestsDuringMaintenance.php(109): Illuminate\Pipeline\Pipeline->Illuminate\Pipeline\{closure}(Object(Illuminate\Http\Request))
#55 C:\xampp\htdocs\antigaspi2\backend\vendor\laravel\framework\src\Illuminate\Pipeline\Pipeline.php(219): Illuminate\Foundation\Http\Middleware\PreventRequestsDuringMaintenance->handle(Object(Illuminate\Http\Request), Object(Closure))
#56 C:\xampp\htdocs\antigaspi2\backend\vendor\laravel\framework\src\Illuminate\Http\Middleware\HandleCors.php(61): Illuminate\Pipeline\Pipeline->Illuminate\Pipeline\{closure}(Object(Illuminate\Http\Request))
#57 C:\xampp\htdocs\antigaspi2\backend\vendor\laravel\framework\src\Illuminate\Pipeline\Pipeline.php(219): Illuminate\Http\Middleware\HandleCors->handle(Object(Illuminate\Http\Request), Object(Closure))
#58 C:\xampp\htdocs\antigaspi2\backend\vendor\laravel\framework\src\Illuminate\Http\Middleware\TrustProxies.php(58): Illuminate\Pipeline\Pipeline->Illuminate\Pipeline\{closure}(Object(Illuminate\Http\Request))
#59 C:\xampp\htdocs\antigaspi2\backend\vendor\laravel\framework\src\Illuminate\Pipeline\Pipeline.php(219): Illuminate\Http\Middleware\TrustProxies->handle(Object(Illuminate\Http\Request), Object(Closure))
#60 C:\xampp\htdocs\antigaspi2\backend\vendor\laravel\framework\src\Illuminate\Foundation\Http\Middleware\InvokeDeferredCallbacks.php(22): Illuminate\Pipeline\Pipeline->Illuminate\Pipeline\{closure}(Object(Illuminate\Http\Request))
#61 C:\xampp\htdocs\antigaspi2\backend\vendor\laravel\framework\src\Illuminate\Pipeline\Pipeline.php(219): Illuminate\Foundation\Http\Middleware\InvokeDeferredCallbacks->handle(Object(Illuminate\Http\Request), Object(Closure))
#62 C:\xampp\htdocs\antigaspi2\backend\vendor\laravel\framework\src\Illuminate\Http\Middleware\ValidatePathEncoding.php(26): Illuminate\Pipeline\Pipeline->Illuminate\Pipeline\{closure}(Object(Illuminate\Http\Request))
#63 C:\xampp\htdocs\antigaspi2\backend\vendor\laravel\framework\src\Illuminate\Pipeline\Pipeline.php(219): Illuminate\Http\Middleware\ValidatePathEncoding->handle(Object(Illuminate\Http\Request), Object(Closure))
#64 C:\xampp\htdocs\antigaspi2\backend\vendor\laravel\framework\src\Illuminate\Pipeline\Pipeline.php(137): Illuminate\Pipeline\Pipeline->Illuminate\Pipeline\{closure}(Object(Illuminate\Http\Request))
#65 C:\xampp\htdocs\antigaspi2\backend\vendor\laravel\framework\src\Illuminate\Foundation\Http\Kernel.php(175): Illuminate\Pipeline\Pipeline->then(Object(Closure))
#66 C:\xampp\htdocs\antigaspi2\backend\vendor\laravel\framework\src\Illuminate\Foundation\Http\Kernel.php(144): Illuminate\Foundation\Http\Kernel->sendRequestThroughRouter(Object(Illuminate\Http\Request))
#67 C:\xampp\htdocs\antigaspi2\backend\vendor\laravel\framework\src\Illuminate\Foundation\Testing\Concerns\MakesHttpRequests.php(607): Illuminate\Foundation\Http\Kernel->handle(Object(Illuminate\Http\Request))
#68 C:\xampp\htdocs\antigaspi2\backend\vendor\laravel\framework\src\Illuminate\Foundation\Testing\Concerns\MakesHttpRequests.php(573): Illuminate\Foundation\Testing\TestCase->call('POST', '/api/surprise-b...', Array, Array, Array, Array, '{"name":"Panier...')
#69 C:\xampp\htdocs\antigaspi2\backend\vendor\laravel\framework\src\Illuminate\Foundation\Testing\Concerns\MakesHttpRequests.php(411): Illuminate\Foundation\Testing\TestCase->json('POST', '/api/surprise-b...', Array, Array, 0)
#70 C:\xampp\htdocs\antigaspi2\backend\tests\Feature\NotificationDispatchTest.php(91): Illuminate\Foundation\Testing\TestCase->postJson('/api/surprise-b...', Array)
#71 C:\xampp\htdocs\antigaspi2\backend\vendor\phpunit\phpunit\src\Framework\TestCase.php(1657): Tests\Feature\NotificationDispatchTest->test_creating_surprise_basket_notifies_opted_in_consumers()
#72 C:\xampp\htdocs\antigaspi2\backend\vendor\phpunit\phpunit\src\Framework\TestCase.php(515): PHPUnit\Framework\TestCase->runTest()
#73 C:\xampp\htdocs\antigaspi2\backend\vendor\phpunit\phpunit\src\Framework\TestRunner\TestRunner.php(87): PHPUnit\Framework\TestCase->runBare()
#74 C:\xampp\htdocs\antigaspi2\backend\vendor\phpunit\phpunit\src\Framework\TestCase.php(361): PHPUnit\Framework\TestRunner->run(Object(Tests\Feature\NotificationDispatchTest))
#75 C:\xampp\htdocs\antigaspi2\backend\vendor\phpunit\phpunit\src\Framework\TestSuite.php(369): PHPUnit\Framework\TestCase->run()
#76 C:\xampp\htdocs\antigaspi2\backend\vendor\phpunit\phpunit\src\Framework\TestSuite.php(369): PHPUnit\Framework\TestSuite->run()
#77 C:\xampp\htdocs\antigaspi2\backend\vendor\phpunit\phpunit\src\Framework\TestSuite.php(369): PHPUnit\Framework\TestSuite->run()
#78 C:\xampp\htdocs\antigaspi2\backend\vendor\phpunit\phpunit\src\TextUI\TestRunner.php(64): PHPUnit\Framework\TestSuite->run()
#79 C:\xampp\htdocs\antigaspi2\backend\vendor\phpunit\phpunit\src\TextUI\Application.php(211): PHPUnit\TextUI\TestRunner->run(Object(PHPUnit\TextUI\Configuration\Configuration), Object(PHPUnit\Runner\ResultCache\DefaultResultCache), Object(PHPUnit\Framework\TestSuite))
#80 C:\xampp\htdocs\antigaspi2\backend\vendor\phpunit\phpunit\phpunit(104): PHPUnit\TextUI\Application->run(Array)
#81 {main}

----------------------------------------------------------------------------------

SQLSTATE[HY000]: General error: 1 table products has no column named surprise_description (Connection: sqlite, SQL: insert into "products" ("merchant_id", "category_id", "name", "description", "surprise_description", "original_price", "discounted_price", "quantity_available", "min_items", "max_items", "total_original_value", "expiration_date", "image_url", "is_surprise_basket", "is_active", "updated_at", "created_at") values (1, ?, Panier du jour, Une sélection surprise de produits frais., Inclus fruits et viennoiseries., 41.05, 1500, 3, ?, ?, 41.05, ?, ?, 1, 1, 2025-10-16 09:29:55, 2025-10-16 09:29:55))[39;22m

  at [32mtests\Feature\NotificationDispatchTest.php[39m:[32m93[39m
     89▕         ];
     90▕ 
     91▕         $response = $this->actingAsUser($merchant->user)->postJson('/api/surprise-baskets', $payload);
     92▕ 
  ➜  93▕         $response->assertCreated()->assertJson(['success' => true]);
     94▕ 
     95▕         $this->assertDatabaseHas('notifications', [
     96▕             'user_id' => $consumer->id,
     97▕             'type' => 'surprise_basket',

  [31m────────────────────────────────────────────────────────────────────────────────────────────────────────────────────[39m  
  [41;1m FAILED [49;22m [1mTests\Feature\PaymentFlowTest[22m [90m>[39m user can initiate flooz payment during reservation creation                  
[39;1m  Expected response status code [201] but received 500.
Failed asserting that 500 is identical to 201.[39;22m

  at [32mtests\Feature\PaymentFlowTest.php[39m:[32m68[39m
     64▕             'payment_method' => PaymentMethod::FLOOZ->value,
     65▕             'customer_phone' => '+22891000000',
     66▕         ], $headers);
     67▕ 
  ➜  68▕         $response->assertCreated()
     69▕             ->assertJsonPath('payment.payment_method', PaymentMethod::FLOOZ->value);
     70▕ 
     71▕         $this->assertDatabaseHas('payments', [
     72▕             'customer_phone' => '+22891000000',

  [31m────────────────────────────────────────────────────────────────────────────────────────────────────────────────────[39m  
  [41;1m FAILED [49;22m [1mTests\Feature\PaymentFlowTest[22m [90m>[39m user can initiate paystack payment via payment controller                    
[39;1m  Expected response status code [201] but received 500.
Failed asserting that 500 is identical to 201.

The following exception occurred during the last request:

PDOException: SQLSTATE[HY000]: General error: 1 table payments has no column named provider in C:\xampp\htdocs\antigaspi2\backend\vendor\laravel\framework\src\Illuminate\Database\Connection.php:564
Stack trace:
#0 C:\xampp\htdocs\antigaspi2\backend\vendor\laravel\framework\src\Illuminate\Database\Connection.php(564): PDO->prepare('insert into "pa...')
#1 C:\xampp\htdocs\antigaspi2\backend\vendor\laravel\framework\src\Illuminate\Database\Connection.php(811): Illuminate\Database\Connection->Illuminate\Database\{closure}('insert into "pa...', Array)
#2 C:\xampp\htdocs\antigaspi2\backend\vendor\laravel\framework\src\Illuminate\Database\Connection.php(778): Illuminate\Database\Connection->runQueryCallback('insert into "pa...', Array, Object(Closure))
#3 C:\xampp\htdocs\antigaspi2\backend\vendor\laravel\framework\src\Illuminate\Database\Connection.php(559): Illuminate\Database\Connection->run('insert into "pa...', Array, Object(Closure))
#4 C:\xampp\htdocs\antigaspi2\backend\vendor\laravel\framework\src\Illuminate\Database\Connection.php(523): Illuminate\Database\Connection->statement('insert into "pa...', Array)
#5 C:\xampp\htdocs\antigaspi2\backend\vendor\laravel\framework\src\Illuminate\Database\Query\Processors\Processor.php(32): Illuminate\Database\Connection->insert('insert into "pa...', Array)
#6 C:\xampp\htdocs\antigaspi2\backend\vendor\laravel\framework\src\Illuminate\Database\Query\Builder.php(3853): Illuminate\Database\Query\Processors\Processor->processInsertGetId(Object(Illuminate\Database\Query\Builder), 'insert into "pa...', Array, 'id')
#7 C:\xampp\htdocs\antigaspi2\backend\vendor\laravel\framework\src\Illuminate\Database\Eloquent\Builder.php(2235): Illuminate\Database\Query\Builder->insertGetId(Array, 'id')
#8 C:\xampp\htdocs\antigaspi2\backend\vendor\laravel\framework\src\Illuminate\Database\Eloquent\Model.php(1436): Illuminate\Database\Eloquent\Builder->__call('insertGetId', Array)
#9 C:\xampp\htdocs\antigaspi2\backend\vendor\laravel\framework\src\Illuminate\Database\Eloquent\Model.php(1401): Illuminate\Database\Eloquent\Model->insertAndSetId(Object(Illuminate\Database\Eloquent\Builder), Array)
#10 C:\xampp\htdocs\antigaspi2\backend\vendor\laravel\framework\src\Illuminate\Database\Eloquent\Model.php(1240): Illuminate\Database\Eloquent\Model->performInsert(Object(Illuminate\Database\Eloquent\Builder))
#11 C:\xampp\htdocs\antigaspi2\backend\app\Services\Payments\PaymentService.php(39): Illuminate\Database\Eloquent\Model->save()
#12 C:\xampp\htdocs\antigaspi2\backend\app\Http\Controllers\Api\PaymentController.php(46): App\Services\Payments\PaymentService->initializePayment(Object(App\Models\Reservation), Object(App\Enums\PaymentMethod), Array)
#13 C:\xampp\htdocs\antigaspi2\backend\vendor\laravel\framework\src\Illuminate\Routing\ControllerDispatcher.php(46): App\Http\Controllers\Api\PaymentController->initiate(Object(Illuminate\Http\Request))
#14 C:\xampp\htdocs\antigaspi2\backend\vendor\laravel\framework\src\Illuminate\Routing\Route.php(265): Illuminate\Routing\ControllerDispatcher->dispatch(Object(Illuminate\Routing\Route), Object(App\Http\Controllers\Api\PaymentController), 'initiate')
#15 C:\xampp\htdocs\antigaspi2\backend\vendor\laravel\framework\src\Illuminate\Routing\Route.php(211): Illuminate\Routing\Route->runController()
#16 C:\xampp\htdocs\antigaspi2\backend\vendor\laravel\framework\src\Illuminate\Routing\Router.php(822): Illuminate\Routing\Route->run()
#17 C:\xampp\htdocs\antigaspi2\backend\vendor\laravel\framework\src\Illuminate\Pipeline\Pipeline.php(180): Illuminate\Routing\Router->Illuminate\Routing\{closure}(Object(Illuminate\Http\Request))
#18 C:\xampp\htdocs\antigaspi2\backend\vendor\tymon\jwt-auth\src\Http\Middleware\Authenticate.php(32): Illuminate\Pipeline\Pipeline->Illuminate\Pipeline\{closure}(Object(Illuminate\Http\Request))
#19 C:\xampp\htdocs\antigaspi2\backend\vendor\laravel\framework\src\Illuminate\Pipeline\Pipeline.php(219): Tymon\JWTAuth\Http\Middleware\Authenticate->handle(Object(Illuminate\Http\Request), Object(Closure))
#20 C:\xampp\htdocs\antigaspi2\backend\vendor\laravel\framework\src\Illuminate\Routing\Middleware\SubstituteBindings.php(50): Illuminate\Pipeline\Pipeline->Illuminate\Pipeline\{closure}(Object(Illuminate\Http\Request))
#21 C:\xampp\htdocs\antigaspi2\backend\vendor\laravel\framework\src\Illuminate\Pipeline\Pipeline.php(219): Illuminate\Routing\Middleware\SubstituteBindings->handle(Object(Illuminate\Http\Request), Object(Closure))
#22 C:\xampp\htdocs\antigaspi2\backend\vendor\laravel\framework\src\Illuminate\Routing\Middleware\ThrottleRequests.php(160): Illuminate\Pipeline\Pipeline->Illuminate\Pipeline\{closure}(Object(Illuminate\Http\Request))
#23 C:\xampp\htdocs\antigaspi2\backend\vendor\laravel\framework\src\Illuminate\Routing\Middleware\ThrottleRequests.php(126): Illuminate\Routing\Middleware\ThrottleRequests->handleRequest(Object(Illuminate\Http\Request), Object(Closure), Array)
#24 C:\xampp\htdocs\antigaspi2\backend\vendor\laravel\framework\src\Illuminate\Routing\Middleware\ThrottleRequests.php(88): Illuminate\Routing\Middleware\ThrottleRequests->handleRequestUsingNamedLimiter(Object(Illuminate\Http\Request), Object(Closure), 'api', Object(Closure))
#25 C:\xampp\htdocs\antigaspi2\backend\vendor\laravel\framework\src\Illuminate\Pipeline\Pipeline.php(219): Illuminate\Routing\Middleware\ThrottleRequests->handle(Object(Illuminate\Http\Request), Object(Closure), 'api')
#26 C:\xampp\htdocs\antigaspi2\backend\vendor\laravel\framework\src\Illuminate\Http\Middleware\HandleCors.php(61): Illuminate\Pipeline\Pipeline->Illuminate\Pipeline\{closure}(Object(Illuminate\Http\Request))
#27 C:\xampp\htdocs\antigaspi2\backend\vendor\laravel\framework\src\Illuminate\Pipeline\Pipeline.php(219): Illuminate\Http\Middleware\HandleCors->handle(Object(Illuminate\Http\Request), Object(Closure))
#28 C:\xampp\htdocs\antigaspi2\backend\vendor\laravel\framework\src\Illuminate\Pipeline\Pipeline.php(137): Illuminate\Pipeline\Pipeline->Illuminate\Pipeline\{closure}(Object(Illuminate\Http\Request))
#29 C:\xampp\htdocs\antigaspi2\backend\vendor\laravel\framework\src\Illuminate\Routing\Router.php(821): Illuminate\Pipeline\Pipeline->then(Object(Closure))
#30 C:\xampp\htdocs\antigaspi2\backend\vendor\laravel\framework\src\Illuminate\Routing\Router.php(800): Illuminate\Routing\Router->runRouteWithinStack(Object(Illuminate\Routing\Route), Object(Illuminate\Http\Request))
#31 C:\xampp\htdocs\antigaspi2\backend\vendor\laravel\framework\src\Illuminate\Routing\Router.php(764): Illuminate\Routing\Router->runRoute(Object(Illuminate\Http\Request), Object(Illuminate\Routing\Route))
#32 C:\xampp\htdocs\antigaspi2\backend\vendor\laravel\framework\src\Illuminate\Routing\Router.php(753): Illuminate\Routing\Router->dispatchToRoute(Object(Illuminate\Http\Request))
#33 C:\xampp\htdocs\antigaspi2\backend\vendor\laravel\framework\src\Illuminate\Foundation\Http\Kernel.php(200): Illuminate\Routing\Router->dispatch(Object(Illuminate\Http\Request))
#34 C:\xampp\htdocs\antigaspi2\backend\vendor\laravel\framework\src\Illuminate\Pipeline\Pipeline.php(180): Illuminate\Foundation\Http\Kernel->Illuminate\Foundation\Http\{closure}(Object(Illuminate\Http\Request))
#35 C:\xampp\htdocs\antigaspi2\backend\vendor\laravel\framework\src\Illuminate\Foundation\Http\Middleware\TransformsRequest.php(21): Illuminate\Pipeline\Pipeline->Illuminate\Pipeline\{closure}(Object(Illuminate\Http\Request))
#36 C:\xampp\htdocs\antigaspi2\backend\vendor\laravel\framework\src\Illuminate\Foundation\Http\Middleware\ConvertEmptyStringsToNull.php(31): Illuminate\Foundation\Http\Middleware\TransformsRequest->handle(Object(Illuminate\Http\Request), Object(Closure))
#37 C:\xampp\htdocs\antigaspi2\backend\vendor\laravel\framework\src\Illuminate\Pipeline\Pipeline.php(219): Illuminate\Foundation\Http\Middleware\ConvertEmptyStringsToNull->handle(Object(Illuminate\Http\Request), Object(Closure))
#38 C:\xampp\htdocs\antigaspi2\backend\vendor\laravel\framework\src\Illuminate\Foundation\Http\Middleware\TransformsRequest.php(21): Illuminate\Pipeline\Pipeline->Illuminate\Pipeline\{closure}(Object(Illuminate\Http\Request))
#39 C:\xampp\htdocs\antigaspi2\backend\vendor\laravel\framework\src\Illuminate\Foundation\Http\Middleware\TrimStrings.php(51): Illuminate\Foundation\Http\Middleware\TransformsRequest->handle(Object(Illuminate\Http\Request), Object(Closure))
#40 C:\xampp\htdocs\antigaspi2\backend\vendor\laravel\framework\src\Illuminate\Pipeline\Pipeline.php(219): Illuminate\Foundation\Http\Middleware\TrimStrings->handle(Object(Illuminate\Http\Request), Object(Closure))
#41 C:\xampp\htdocs\antigaspi2\backend\vendor\laravel\framework\src\Illuminate\Http\Middleware\ValidatePostSize.php(27): Illuminate\Pipeline\Pipeline->Illuminate\Pipeline\{closure}(Object(Illuminate\Http\Request))
#42 C:\xampp\htdocs\antigaspi2\backend\vendor\laravel\framework\src\Illuminate\Pipeline\Pipeline.php(219): Illuminate\Http\Middleware\ValidatePostSize->handle(Object(Illuminate\Http\Request), Object(Closure))
#43 C:\xampp\htdocs\antigaspi2\backend\vendor\laravel\framework\src\Illuminate\Foundation\Http\Middleware\PreventRequestsDuringMaintenance.php(109): Illuminate\Pipeline\Pipeline->Illuminate\Pipeline\{closure}(Object(Illuminate\Http\Request))
#44 C:\xampp\htdocs\antigaspi2\backend\vendor\laravel\framework\src\Illuminate\Pipeline\Pipeline.php(219): Illuminate\Foundation\Http\Middleware\PreventRequestsDuringMaintenance->handle(Object(Illuminate\Http\Request), Object(Closure))
#45 C:\xampp\htdocs\antigaspi2\backend\vendor\laravel\framework\src\Illuminate\Http\Middleware\HandleCors.php(61): Illuminate\Pipeline\Pipeline->Illuminate\Pipeline\{closure}(Object(Illuminate\Http\Request))
#46 C:\xampp\htdocs\antigaspi2\backend\vendor\laravel\framework\src\Illuminate\Pipeline\Pipeline.php(219): Illuminate\Http\Middleware\HandleCors->handle(Object(Illuminate\Http\Request), Object(Closure))
#47 C:\xampp\htdocs\antigaspi2\backend\vendor\laravel\framework\src\Illuminate\Http\Middleware\TrustProxies.php(58): Illuminate\Pipeline\Pipeline->Illuminate\Pipeline\{closure}(Object(Illuminate\Http\Request))
#48 C:\xampp\htdocs\antigaspi2\backend\vendor\laravel\framework\src\Illuminate\Pipeline\Pipeline.php(219): Illuminate\Http\Middleware\TrustProxies->handle(Object(Illuminate\Http\Request), Object(Closure))
#49 C:\xampp\htdocs\antigaspi2\backend\vendor\laravel\framework\src\Illuminate\Foundation\Http\Middleware\InvokeDeferredCallbacks.php(22): Illuminate\Pipeline\Pipeline->Illuminate\Pipeline\{closure}(Object(Illuminate\Http\Request))
#50 C:\xampp\htdocs\antigaspi2\backend\vendor\laravel\framework\src\Illuminate\Pipeline\Pipeline.php(219): Illuminate\Foundation\Http\Middleware\InvokeDeferredCallbacks->handle(Object(Illuminate\Http\Request), Object(Closure))
#51 C:\xampp\htdocs\antigaspi2\backend\vendor\laravel\framework\src\Illuminate\Http\Middleware\ValidatePathEncoding.php(26): Illuminate\Pipeline\Pipeline->Illuminate\Pipeline\{closure}(Object(Illuminate\Http\Request))
#52 C:\xampp\htdocs\antigaspi2\backend\vendor\laravel\framework\src\Illuminate\Pipeline\Pipeline.php(219): Illuminate\Http\Middleware\ValidatePathEncoding->handle(Object(Illuminate\Http\Request), Object(Closure))
#53 C:\xampp\htdocs\antigaspi2\backend\vendor\laravel\framework\src\Illuminate\Pipeline\Pipeline.php(137): Illuminate\Pipeline\Pipeline->Illuminate\Pipeline\{closure}(Object(Illuminate\Http\Request))
#54 C:\xampp\htdocs\antigaspi2\backend\vendor\laravel\framework\src\Illuminate\Foundation\Http\Kernel.php(175): Illuminate\Pipeline\Pipeline->then(Object(Closure))
#55 C:\xampp\htdocs\antigaspi2\backend\vendor\laravel\framework\src\Illuminate\Foundation\Http\Kernel.php(144): Illuminate\Foundation\Http\Kernel->sendRequestThroughRouter(Object(Illuminate\Http\Request))
#56 C:\xampp\htdocs\antigaspi2\backend\vendor\laravel\framework\src\Illuminate\Foundation\Testing\Concerns\MakesHttpRequests.php(607): Illuminate\Foundation\Http\Kernel->handle(Object(Illuminate\Http\Request))
#57 C:\xampp\htdocs\antigaspi2\backend\vendor\laravel\framework\src\Illuminate\Foundation\Testing\Concerns\MakesHttpRequests.php(573): Illuminate\Foundation\Testing\TestCase->call('POST', '/api/payments', Array, Array, Array, Array, '{"reservation_i...')
#58 C:\xampp\htdocs\antigaspi2\backend\vendor\laravel\framework\src\Illuminate\Foundation\Testing\Concerns\MakesHttpRequests.php(411): Illuminate\Foundation\Testing\TestCase->json('POST', '/api/payments', Array, Array, 0)
#59 C:\xampp\htdocs\antigaspi2\backend\tests\Feature\PaymentFlowTest.php(107): Illuminate\Foundation\Testing\TestCase->postJson('/api/payments', Array, Array)
#60 C:\xampp\htdocs\antigaspi2\backend\vendor\phpunit\phpunit\src\Framework\TestCase.php(1657): Tests\Feature\PaymentFlowTest->test_user_can_initiate_paystack_payment_via_payment_controller()
#61 C:\xampp\htdocs\antigaspi2\backend\vendor\phpunit\phpunit\src\Framework\TestCase.php(515): PHPUnit\Framework\TestCase->runTest()
#62 C:\xampp\htdocs\antigaspi2\backend\vendor\phpunit\phpunit\src\Framework\TestRunner\TestRunner.php(87): PHPUnit\Framework\TestCase->runBare()
#63 C:\xampp\htdocs\antigaspi2\backend\vendor\phpunit\phpunit\src\Framework\TestCase.php(361): PHPUnit\Framework\TestRunner->run(Object(Tests\Feature\PaymentFlowTest))
#64 C:\xampp\htdocs\antigaspi2\backend\vendor\phpunit\phpunit\src\Framework\TestSuite.php(369): PHPUnit\Framework\TestCase->run()
#65 C:\xampp\htdocs\antigaspi2\backend\vendor\phpunit\phpunit\src\Framework\TestSuite.php(369): PHPUnit\Framework\TestSuite->run()
#66 C:\xampp\htdocs\antigaspi2\backend\vendor\phpunit\phpunit\src\Framework\TestSuite.php(369): PHPUnit\Framework\TestSuite->run()
#67 C:\xampp\htdocs\antigaspi2\backend\vendor\phpunit\phpunit\src\TextUI\TestRunner.php(64): PHPUnit\Framework\TestSuite->run()
#68 C:\xampp\htdocs\antigaspi2\backend\vendor\phpunit\phpunit\src\TextUI\Application.php(211): PHPUnit\TextUI\TestRunner->run(Object(PHPUnit\TextUI\Configuration\Configuration), Object(PHPUnit\Runner\ResultCache\DefaultResultCache), Object(PHPUnit\Framework\TestSuite))
#69 C:\xampp\htdocs\antigaspi2\backend\vendor\phpunit\phpunit\phpunit(104): PHPUnit\TextUI\Application->run(Array)
#70 {main}

Next Illuminate\Database\QueryException: SQLSTATE[HY000]: General error: 1 table payments has no column named provider (Connection: sqlite, SQL: insert into "payments" ("amount", "currency", "payment_method", "status", "provider", "customer_phone", "reference", "payload", "reservation_id", "updated_at", "created_at") values (15.00, XOF, paystack, pending, paystack, ?, ZWJZGMCIJPVN, {"context":{"reservation_id":1,"payment_method":"paystack","customer_email":"user@example.com"}}, 1, 2025-10-16 09:29:55, 2025-10-16 09:29:55)) in C:\xampp\htdocs\antigaspi2\backend\vendor\laravel\framework\src\Illuminate\Database\Connection.php:824
Stack trace:
#0 C:\xampp\htdocs\antigaspi2\backend\vendor\laravel\framework\src\Illuminate\Database\Connection.php(778): Illuminate\Database\Connection->runQueryCallback('insert into "pa...', Array, Object(Closure))
#1 C:\xampp\htdocs\antigaspi2\backend\vendor\laravel\framework\src\Illuminate\Database\Connection.php(559): Illuminate\Database\Connection->run('insert into "pa...', Array, Object(Closure))
#2 C:\xampp\htdocs\antigaspi2\backend\vendor\laravel\framework\src\Illuminate\Database\Connection.php(523): Illuminate\Database\Connection->statement('insert into "pa...', Array)
#3 C:\xampp\htdocs\antigaspi2\backend\vendor\laravel\framework\src\Illuminate\Database\Query\Processors\Processor.php(32): Illuminate\Database\Connection->insert('insert into "pa...', Array)
#4 C:\xampp\htdocs\antigaspi2\backend\vendor\laravel\framework\src\Illuminate\Database\Query\Builder.php(3853): Illuminate\Database\Query\Processors\Processor->processInsertGetId(Object(Illuminate\Database\Query\Builder), 'insert into "pa...', Array, 'id')
#5 C:\xampp\htdocs\antigaspi2\backend\vendor\laravel\framework\src\Illuminate\Database\Eloquent\Builder.php(2235): Illuminate\Database\Query\Builder->insertGetId(Array, 'id')
#6 C:\xampp\htdocs\antigaspi2\backend\vendor\laravel\framework\src\Illuminate\Database\Eloquent\Model.php(1436): Illuminate\Database\Eloquent\Builder->__call('insertGetId', Array)
#7 C:\xampp\htdocs\antigaspi2\backend\vendor\laravel\framework\src\Illuminate\Database\Eloquent\Model.php(1401): Illuminate\Database\Eloquent\Model->insertAndSetId(Object(Illuminate\Database\Eloquent\Builder), Array)
#8 C:\xampp\htdocs\antigaspi2\backend\vendor\laravel\framework\src\Illuminate\Database\Eloquent\Model.php(1240): Illuminate\Database\Eloquent\Model->performInsert(Object(Illuminate\Database\Eloquent\Builder))
#9 C:\xampp\htdocs\antigaspi2\backend\app\Services\Payments\PaymentService.php(39): Illuminate\Database\Eloquent\Model->save()
#10 C:\xampp\htdocs\antigaspi2\backend\app\Http\Controllers\Api\PaymentController.php(46): App\Services\Payments\PaymentService->initializePayment(Object(App\Models\Reservation), Object(App\Enums\PaymentMethod), Array)
#11 C:\xampp\htdocs\antigaspi2\backend\vendor\laravel\framework\src\Illuminate\Routing\ControllerDispatcher.php(46): App\Http\Controllers\Api\PaymentController->initiate(Object(Illuminate\Http\Request))
#12 C:\xampp\htdocs\antigaspi2\backend\vendor\laravel\framework\src\Illuminate\Routing\Route.php(265): Illuminate\Routing\ControllerDispatcher->dispatch(Object(Illuminate\Routing\Route), Object(App\Http\Controllers\Api\PaymentController), 'initiate')
#13 C:\xampp\htdocs\antigaspi2\backend\vendor\laravel\framework\src\Illuminate\Routing\Route.php(211): Illuminate\Routing\Route->runController()
#14 C:\xampp\htdocs\antigaspi2\backend\vendor\laravel\framework\src\Illuminate\Routing\Router.php(822): Illuminate\Routing\Route->run()
#15 C:\xampp\htdocs\antigaspi2\backend\vendor\laravel\framework\src\Illuminate\Pipeline\Pipeline.php(180): Illuminate\Routing\Router->Illuminate\Routing\{closure}(Object(Illuminate\Http\Request))
#16 C:\xampp\htdocs\antigaspi2\backend\vendor\tymon\jwt-auth\src\Http\Middleware\Authenticate.php(32): Illuminate\Pipeline\Pipeline->Illuminate\Pipeline\{closure}(Object(Illuminate\Http\Request))
#17 C:\xampp\htdocs\antigaspi2\backend\vendor\laravel\framework\src\Illuminate\Pipeline\Pipeline.php(219): Tymon\JWTAuth\Http\Middleware\Authenticate->handle(Object(Illuminate\Http\Request), Object(Closure))
#18 C:\xampp\htdocs\antigaspi2\backend\vendor\laravel\framework\src\Illuminate\Routing\Middleware\SubstituteBindings.php(50): Illuminate\Pipeline\Pipeline->Illuminate\Pipeline\{closure}(Object(Illuminate\Http\Request))
#19 C:\xampp\htdocs\antigaspi2\backend\vendor\laravel\framework\src\Illuminate\Pipeline\Pipeline.php(219): Illuminate\Routing\Middleware\SubstituteBindings->handle(Object(Illuminate\Http\Request), Object(Closure))
#20 C:\xampp\htdocs\antigaspi2\backend\vendor\laravel\framework\src\Illuminate\Routing\Middleware\ThrottleRequests.php(160): Illuminate\Pipeline\Pipeline->Illuminate\Pipeline\{closure}(Object(Illuminate\Http\Request))
#21 C:\xampp\htdocs\antigaspi2\backend\vendor\laravel\framework\src\Illuminate\Routing\Middleware\ThrottleRequests.php(126): Illuminate\Routing\Middleware\ThrottleRequests->handleRequest(Object(Illuminate\Http\Request), Object(Closure), Array)
#22 C:\xampp\htdocs\antigaspi2\backend\vendor\laravel\framework\src\Illuminate\Routing\Middleware\ThrottleRequests.php(88): Illuminate\Routing\Middleware\ThrottleRequests->handleRequestUsingNamedLimiter(Object(Illuminate\Http\Request), Object(Closure), 'api', Object(Closure))
#23 C:\xampp\htdocs\antigaspi2\backend\vendor\laravel\framework\src\Illuminate\Pipeline\Pipeline.php(219): Illuminate\Routing\Middleware\ThrottleRequests->handle(Object(Illuminate\Http\Request), Object(Closure), 'api')
#24 C:\xampp\htdocs\antigaspi2\backend\vendor\laravel\framework\src\Illuminate\Http\Middleware\HandleCors.php(61): Illuminate\Pipeline\Pipeline->Illuminate\Pipeline\{closure}(Object(Illuminate\Http\Request))
#25 C:\xampp\htdocs\antigaspi2\backend\vendor\laravel\framework\src\Illuminate\Pipeline\Pipeline.php(219): Illuminate\Http\Middleware\HandleCors->handle(Object(Illuminate\Http\Request), Object(Closure))
#26 C:\xampp\htdocs\antigaspi2\backend\vendor\laravel\framework\src\Illuminate\Pipeline\Pipeline.php(137): Illuminate\Pipeline\Pipeline->Illuminate\Pipeline\{closure}(Object(Illuminate\Http\Request))
#27 C:\xampp\htdocs\antigaspi2\backend\vendor\laravel\framework\src\Illuminate\Routing\Router.php(821): Illuminate\Pipeline\Pipeline->then(Object(Closure))
#28 C:\xampp\htdocs\antigaspi2\backend\vendor\laravel\framework\src\Illuminate\Routing\Router.php(800): Illuminate\Routing\Router->runRouteWithinStack(Object(Illuminate\Routing\Route), Object(Illuminate\Http\Request))
#29 C:\xampp\htdocs\antigaspi2\backend\vendor\laravel\framework\src\Illuminate\Routing\Router.php(764): Illuminate\Routing\Router->runRoute(Object(Illuminate\Http\Request), Object(Illuminate\Routing\Route))
#30 C:\xampp\htdocs\antigaspi2\backend\vendor\laravel\framework\src\Illuminate\Routing\Router.php(753): Illuminate\Routing\Router->dispatchToRoute(Object(Illuminate\Http\Request))
#31 C:\xampp\htdocs\antigaspi2\backend\vendor\laravel\framework\src\Illuminate\Foundation\Http\Kernel.php(200): Illuminate\Routing\Router->dispatch(Object(Illuminate\Http\Request))
#32 C:\xampp\htdocs\antigaspi2\backend\vendor\laravel\framework\src\Illuminate\Pipeline\Pipeline.php(180): Illuminate\Foundation\Http\Kernel->Illuminate\Foundation\Http\{closure}(Object(Illuminate\Http\Request))
#33 C:\xampp\htdocs\antigaspi2\backend\vendor\laravel\framework\src\Illuminate\Foundation\Http\Middleware\TransformsRequest.php(21): Illuminate\Pipeline\Pipeline->Illuminate\Pipeline\{closure}(Object(Illuminate\Http\Request))
#34 C:\xampp\htdocs\antigaspi2\backend\vendor\laravel\framework\src\Illuminate\Foundation\Http\Middleware\ConvertEmptyStringsToNull.php(31): Illuminate\Foundation\Http\Middleware\TransformsRequest->handle(Object(Illuminate\Http\Request), Object(Closure))
#35 C:\xampp\htdocs\antigaspi2\backend\vendor\laravel\framework\src\Illuminate\Pipeline\Pipeline.php(219): Illuminate\Foundation\Http\Middleware\ConvertEmptyStringsToNull->handle(Object(Illuminate\Http\Request), Object(Closure))
#36 C:\xampp\htdocs\antigaspi2\backend\vendor\laravel\framework\src\Illuminate\Foundation\Http\Middleware\TransformsRequest.php(21): Illuminate\Pipeline\Pipeline->Illuminate\Pipeline\{closure}(Object(Illuminate\Http\Request))
#37 C:\xampp\htdocs\antigaspi2\backend\vendor\laravel\framework\src\Illuminate\Foundation\Http\Middleware\TrimStrings.php(51): Illuminate\Foundation\Http\Middleware\TransformsRequest->handle(Object(Illuminate\Http\Request), Object(Closure))
#38 C:\xampp\htdocs\antigaspi2\backend\vendor\laravel\framework\src\Illuminate\Pipeline\Pipeline.php(219): Illuminate\Foundation\Http\Middleware\TrimStrings->handle(Object(Illuminate\Http\Request), Object(Closure))
#39 C:\xampp\htdocs\antigaspi2\backend\vendor\laravel\framework\src\Illuminate\Http\Middleware\ValidatePostSize.php(27): Illuminate\Pipeline\Pipeline->Illuminate\Pipeline\{closure}(Object(Illuminate\Http\Request))
#40 C:\xampp\htdocs\antigaspi2\backend\vendor\laravel\framework\src\Illuminate\Pipeline\Pipeline.php(219): Illuminate\Http\Middleware\ValidatePostSize->handle(Object(Illuminate\Http\Request), Object(Closure))
#41 C:\xampp\htdocs\antigaspi2\backend\vendor\laravel\framework\src\Illuminate\Foundation\Http\Middleware\PreventRequestsDuringMaintenance.php(109): Illuminate\Pipeline\Pipeline->Illuminate\Pipeline\{closure}(Object(Illuminate\Http\Request))
#42 C:\xampp\htdocs\antigaspi2\backend\vendor\laravel\framework\src\Illuminate\Pipeline\Pipeline.php(219): Illuminate\Foundation\Http\Middleware\PreventRequestsDuringMaintenance->handle(Object(Illuminate\Http\Request), Object(Closure))
#43 C:\xampp\htdocs\antigaspi2\backend\vendor\laravel\framework\src\Illuminate\Http\Middleware\HandleCors.php(61): Illuminate\Pipeline\Pipeline->Illuminate\Pipeline\{closure}(Object(Illuminate\Http\Request))
#44 C:\xampp\htdocs\antigaspi2\backend\vendor\laravel\framework\src\Illuminate\Pipeline\Pipeline.php(219): Illuminate\Http\Middleware\HandleCors->handle(Object(Illuminate\Http\Request), Object(Closure))
#45 C:\xampp\htdocs\antigaspi2\backend\vendor\laravel\framework\src\Illuminate\Http\Middleware\TrustProxies.php(58): Illuminate\Pipeline\Pipeline->Illuminate\Pipeline\{closure}(Object(Illuminate\Http\Request))
#46 C:\xampp\htdocs\antigaspi2\backend\vendor\laravel\framework\src\Illuminate\Pipeline\Pipeline.php(219): Illuminate\Http\Middleware\TrustProxies->handle(Object(Illuminate\Http\Request), Object(Closure))
#47 C:\xampp\htdocs\antigaspi2\backend\vendor\laravel\framework\src\Illuminate\Foundation\Http\Middleware\InvokeDeferredCallbacks.php(22): Illuminate\Pipeline\Pipeline->Illuminate\Pipeline\{closure}(Object(Illuminate\Http\Request))
#48 C:\xampp\htdocs\antigaspi2\backend\vendor\laravel\framework\src\Illuminate\Pipeline\Pipeline.php(219): Illuminate\Foundation\Http\Middleware\InvokeDeferredCallbacks->handle(Object(Illuminate\Http\Request), Object(Closure))
#49 C:\xampp\htdocs\antigaspi2\backend\vendor\laravel\framework\src\Illuminate\Http\Middleware\ValidatePathEncoding.php(26): Illuminate\Pipeline\Pipeline->Illuminate\Pipeline\{closure}(Object(Illuminate\Http\Request))
#50 C:\xampp\htdocs\antigaspi2\backend\vendor\laravel\framework\src\Illuminate\Pipeline\Pipeline.php(219): Illuminate\Http\Middleware\ValidatePathEncoding->handle(Object(Illuminate\Http\Request), Object(Closure))
#51 C:\xampp\htdocs\antigaspi2\backend\vendor\laravel\framework\src\Illuminate\Pipeline\Pipeline.php(137): Illuminate\Pipeline\Pipeline->Illuminate\Pipeline\{closure}(Object(Illuminate\Http\Request))
#52 C:\xampp\htdocs\antigaspi2\backend\vendor\laravel\framework\src\Illuminate\Foundation\Http\Kernel.php(175): Illuminate\Pipeline\Pipeline->then(Object(Closure))
#53 C:\xampp\htdocs\antigaspi2\backend\vendor\laravel\framework\src\Illuminate\Foundation\Http\Kernel.php(144): Illuminate\Foundation\Http\Kernel->sendRequestThroughRouter(Object(Illuminate\Http\Request))
#54 C:\xampp\htdocs\antigaspi2\backend\vendor\laravel\framework\src\Illuminate\Foundation\Testing\Concerns\MakesHttpRequests.php(607): Illuminate\Foundation\Http\Kernel->handle(Object(Illuminate\Http\Request))
#55 C:\xampp\htdocs\antigaspi2\backend\vendor\laravel\framework\src\Illuminate\Foundation\Testing\Concerns\MakesHttpRequests.php(573): Illuminate\Foundation\Testing\TestCase->call('POST', '/api/payments', Array, Array, Array, Array, '{"reservation_i...')
#56 C:\xampp\htdocs\antigaspi2\backend\vendor\laravel\framework\src\Illuminate\Foundation\Testing\Concerns\MakesHttpRequests.php(411): Illuminate\Foundation\Testing\TestCase->json('POST', '/api/payments', Array, Array, 0)
#57 C:\xampp\htdocs\antigaspi2\backend\tests\Feature\PaymentFlowTest.php(107): Illuminate\Foundation\Testing\TestCase->postJson('/api/payments', Array, Array)
#58 C:\xampp\htdocs\antigaspi2\backend\vendor\phpunit\phpunit\src\Framework\TestCase.php(1657): Tests\Feature\PaymentFlowTest->test_user_can_initiate_paystack_payment_via_payment_controller()
#59 C:\xampp\htdocs\antigaspi2\backend\vendor\phpunit\phpunit\src\Framework\TestCase.php(515): PHPUnit\Framework\TestCase->runTest()
#60 C:\xampp\htdocs\antigaspi2\backend\vendor\phpunit\phpunit\src\Framework\TestRunner\TestRunner.php(87): PHPUnit\Framework\TestCase->runBare()
#61 C:\xampp\htdocs\antigaspi2\backend\vendor\phpunit\phpunit\src\Framework\TestCase.php(361): PHPUnit\Framework\TestRunner->run(Object(Tests\Feature\PaymentFlowTest))
#62 C:\xampp\htdocs\antigaspi2\backend\vendor\phpunit\phpunit\src\Framework\TestSuite.php(369): PHPUnit\Framework\TestCase->run()
#63 C:\xampp\htdocs\antigaspi2\backend\vendor\phpunit\phpunit\src\Framework\TestSuite.php(369): PHPUnit\Framework\TestSuite->run()
#64 C:\xampp\htdocs\antigaspi2\backend\vendor\phpunit\phpunit\src\Framework\TestSuite.php(369): PHPUnit\Framework\TestSuite->run()
#65 C:\xampp\htdocs\antigaspi2\backend\vendor\phpunit\phpunit\src\TextUI\TestRunner.php(64): PHPUnit\Framework\TestSuite->run()
#66 C:\xampp\htdocs\antigaspi2\backend\vendor\phpunit\phpunit\src\TextUI\Application.php(211): PHPUnit\TextUI\TestRunner->run(Object(PHPUnit\TextUI\Configuration\Configuration), Object(PHPUnit\Runner\ResultCache\DefaultResultCache), Object(PHPUnit\Framework\TestSuite))
#67 C:\xampp\htdocs\antigaspi2\backend\vendor\phpunit\phpunit\phpunit(104): PHPUnit\TextUI\Application->run(Array)
#68 {main}

----------------------------------------------------------------------------------

SQLSTATE[HY000]: General error: 1 table payments has no column named provider (Connection: sqlite, SQL: insert into "payments" ("amount", "currency", "payment_method", "status", "provider", "customer_phone", "reference", "payload", "reservation_id", "updated_at", "created_at") values (15.00, XOF, paystack, pending, paystack, ?, ZWJZGMCIJPVN, {"context":{"reservation_id":1,"payment_method":"paystack","customer_email":"user@example.com"}}, 1, 2025-10-16 09:29:55, 2025-10-16 09:29:55))[39;22m

  at [32mtests\Feature\PaymentFlowTest.php[39m:[32m113[39m
    109▕             'payment_method' => PaymentMethod::PAYSTACK->value,
    110▕             'customer_email' => 'user@example.com',
    111▕         ], $headers);
    112▕ 
  ➜ 113▕         $response->assertCreated()
    114▕             ->assertJsonPath('data.checkout_url', 'https://checkout.paystack.test/abc');
    115▕ 
    116▕         $reservation->refresh();
    117▕         $this->assertNotNull($reservation->latest_payment_id);

  [31m────────────────────────────────────────────────────────────────────────────────────────────────────────────────────[39m  
  [41;1m FAILED [49;22m [1mTests\Feature\PaymentFlowTest[22m [90m>[39m paygate callback updates reservation status                [41;1m QueryException [49;22m  
[39;1m  SQLSTATE[HY000]: General error: 1 table payments has no column named provider (Connection: sqlite, SQL: insert into "payments" ("reservation_id", "amount", "currency", "payment_method", "transaction_id", "status", "provider", "checkout_url", "customer_phone", "reference", "payload", "paid_at", "updated_at", "created_at") values (1, 20, XOF, flooz, 6986ff87-4222-368b-b634-b657daf4fece, pending, paygate, ?, +22898596873, PG-CB-42, {"gateway":"paygate","meta":{"attempts":1,"status_history":["refunded"]}}, ?, 2025-10-16 09:29:55, 2025-10-16 09:29:55))[39;22m

  at [32mvendor\laravel\framework\src\Illuminate\Database\Connection.php[39m:[32m824[39m
    820▕                     $this->getName(), $query, $this->prepareBindings($bindings), $e
    821▕                 );
    822▕             }
    823▕ 
  ➜ 824▕             throw new QueryException(
    825▕                 $this->getName(), $query, $this->prepareBindings($bindings), $e
    826▕             );
    827▕         }
    828▕     }

  [33m1   [39m[39;1mvendor\laravel\framework\src\Illuminate\Database\Connection.php[39;22m:[39;1m824[39;22m

  [33m2   [39m[39;1mvendor\laravel\framework\src\Illuminate\Database\Connection.php[39;22m:[39;1m564[39;22m
  [90m    NunoMaduro\Collision\Exceptions\TestException::("SQLSTATE[HY000]: General error: 1 table payments has no column named provider")[39m

  [31m────────────────────────────────────────────────────────────────────────────────────────────────────────────────────[39m  
  [41;1m FAILED [49;22m [1mTests\Feature\PaymentFlowTest[22m [90m>[39m wallet reservation requires pin                            [41;1m QueryException [49;22m  
[39;1m  SQLSTATE[HY000]: General error: 1 no such table: wallets (Connection: sqlite, SQL: insert into "wallets" ("currency", "daily_limit", "is_active", "user_id", "updated_at", "created_at") values (XOF, 50000, 1, 1, 2025-10-16 09:29:55, 2025-10-16 09:29:55))[39;22m

  at [32mvendor\laravel\framework\src\Illuminate\Database\Connection.php[39m:[32m824[39m
    820▕                     $this->getName(), $query, $this->prepareBindings($bindings), $e
    821▕                 );
    822▕             }
    823▕ 
  ➜ 824▕             throw new QueryException(
    825▕                 $this->getName(), $query, $this->prepareBindings($bindings), $e
    826▕             );
    827▕         }
    828▕     }

  [33m1   [39m[39;1mvendor\laravel\framework\src\Illuminate\Database\Connection.php[39;22m:[39;1m824[39;22m

  [33m2   [39m[39;1mvendor\laravel\framework\src\Illuminate\Database\Connection.php[39;22m:[39;1m564[39;22m
  [90m    NunoMaduro\Collision\Exceptions\TestException::("SQLSTATE[HY000]: General error: 1 no such table: wallets")[39m

  [31m────────────────────────────────────────────────────────────────────────────────────────────────────────────────────[39m  
  [41;1m FAILED [49;22m [1mTests\Feature\PaymentFlowTest[22m [90m>[39m wallet reservation succeeds with valid pin                 [41;1m QueryException [49;22m  
[39;1m  SQLSTATE[HY000]: General error: 1 no such table: wallets (Connection: sqlite, SQL: insert into "wallets" ("currency", "daily_limit", "is_active", "user_id", "updated_at", "created_at") values (XOF, 50000, 1, 1, 2025-10-16 09:29:55, 2025-10-16 09:29:55))[39;22m

  at [32mvendor\laravel\framework\src\Illuminate\Database\Connection.php[39m:[32m824[39m
    820▕                     $this->getName(), $query, $this->prepareBindings($bindings), $e
    821▕                 );
    822▕             }
    823▕ 
  ➜ 824▕             throw new QueryException(
    825▕                 $this->getName(), $query, $this->prepareBindings($bindings), $e
    826▕             );
    827▕         }
    828▕     }

  [33m1   [39m[39;1mvendor\laravel\framework\src\Illuminate\Database\Connection.php[39;22m:[39;1m824[39;22m

  [33m2   [39m[39;1mvendor\laravel\framework\src\Illuminate\Database\Connection.php[39;22m:[39;1m564[39;22m
  [90m    NunoMaduro\Collision\Exceptions\TestException::("SQLSTATE[HY000]: General error: 1 no such table: wallets")[39m


  [90mTests:[39m    [31;1m13 failed[39;22m[90m,[39m[39m [39m[32;1m31 passed[39;22m[90m (135 assertions)[39m
  [90mDuration:[39m [39m3.71s[39m

